Copyright 1986-2018 Xilinx, Inc. All Rights Reserved.
-------------------------------------------------------------------------------------------------------------------------------------------------------------------------------
| Tool Version : Vivado v.2018.3 (win64) Build 2405991 Thu Dec  6 23:38:27 MST 2018
| Date         : Wed Jun  3 13:20:37 2026
| Host         : KOMPUTER running 64-bit major release  (build 9200)
| Command      : report_timing_summary -file C:/Users/user/VivadoProjects/2018-3/pwm_demo/bit/z7-lite-nc4-dw6-dt4-buf1024-wl2048-signed-symmetrical-rs1-ru1_timing_summary.rpt
| Design       : main
| Device       : 7z020-clg400
| Speed File   : -1  PRODUCTION 1.11 2014-09-11
-------------------------------------------------------------------------------------------------------------------------------------------------------------------------------

Timing Summary Report

------------------------------------------------------------------------------------------------
| Timer Settings
| --------------
------------------------------------------------------------------------------------------------

  Enable Multi Corner Analysis               :  Yes
  Enable Pessimism Removal                   :  Yes
  Pessimism Removal Resolution               :  Nearest Common Node
  Enable Input Delay Default Clock           :  No
  Enable Preset / Clear Arcs                 :  No
  Disable Flight Delays                      :  No
  Ignore I/O Paths                           :  No
  Timing Early Launch at Borrowing Latches   :  false

  Corner  Analyze    Analyze    
  Name    Max Paths  Min Paths  
  ------  ---------  ---------  
  Slow    Yes        Yes        
  Fast    Yes        Yes        



check_timing report

Table of Contents
-----------------
1. checking no_clock
2. checking constant_clock
3. checking pulse_width_clock
4. checking unconstrained_internal_endpoints
5. checking no_input_delay
6. checking no_output_delay
7. checking multiple_clock
8. checking generated_clocks
9. checking loops
10. checking partial_input_delay
11. checking partial_output_delay
12. checking latch_loops

1. checking no_clock
--------------------
 There are 0 register/latch pins with no clock.


2. checking constant_clock
--------------------------
 There are 0 register/latch pins with constant_clock.


3. checking pulse_width_clock
-----------------------------
 There are 0 register/latch pins which need pulse_width check


4. checking unconstrained_internal_endpoints
--------------------------------------------
 There are 0 pins that are not constrained for maximum delay.

 There are 0 pins that are not constrained for maximum delay due to constant clock.


5. checking no_input_delay
--------------------------
 There are 0 input ports with no input delay specified.

 There are 2 input ports with no input delay but user has a false path constraint. (MEDIUM)


6. checking no_output_delay
---------------------------
 There are 0 ports with no output delay specified.

 There are 8 ports with no output delay but user has a false path constraint (MEDIUM)

 There are 0 ports with no output delay but with a timing clock defined on it or propagating through it


7. checking multiple_clock
--------------------------
 There are 0 register/latch pins with multiple clocks.


8. checking generated_clocks
----------------------------
 There are 0 generated clocks that are not connected to a clock source.


9. checking loops
-----------------
 There are 0 combinational loops in the design.


10. checking partial_input_delay
--------------------------------
 There are 0 input ports with partial input delay specified.


11. checking partial_output_delay
---------------------------------
 There are 0 ports with partial output delay specified.


12. checking latch_loops
------------------------
 There are 0 combinational latch loops in the design through latch input



------------------------------------------------------------------------------------------------
| Design Timing Summary
| ---------------------
------------------------------------------------------------------------------------------------

    WNS(ns)      TNS(ns)  TNS Failing Endpoints  TNS Total Endpoints      WHS(ns)      THS(ns)  THS Failing Endpoints  THS Total Endpoints     WPWS(ns)     TPWS(ns)  TPWS Failing Endpoints  TPWS Total Endpoints  
    -------      -------  ---------------------  -------------------      -------      -------  ---------------------  -------------------     --------     --------  ----------------------  --------------------  
      4.559        0.000                      0                 1094        0.057        0.000                      0                 1094        3.000        0.000                       0                   472  


All user specified timing constraints are met.


------------------------------------------------------------------------------------------------
| Clock Summary
| -------------
------------------------------------------------------------------------------------------------

Clock         Waveform(ns)       Period(ns)      Frequency(MHz)
-----         ------------       ----------      --------------
sys_clk       {0.000 5.000}      10.000          100.000         
  clk         {0.000 10.000}     20.000          50.000          
  clk_pwm     {0.000 5.000}      10.000          100.000         
  mmcm_fb_in  {0.000 5.000}      10.000          100.000         


------------------------------------------------------------------------------------------------
| Intra Clock Table
| -----------------
------------------------------------------------------------------------------------------------

Clock             WNS(ns)      TNS(ns)  TNS Failing Endpoints  TNS Total Endpoints      WHS(ns)      THS(ns)  THS Failing Endpoints  THS Total Endpoints     WPWS(ns)     TPWS(ns)  TPWS Failing Endpoints  TPWS Total Endpoints  
-----             -------      -------  ---------------------  -------------------      -------      -------  ---------------------  -------------------     --------     --------  ----------------------  --------------------  
sys_clk                                                                                                                                                         3.000        0.000                       0                     3  
  clk              14.568        0.000                      0                  525        0.098        0.000                      0                  525        9.500        0.000                       0                   255  
  clk_pwm           4.559        0.000                      0                  493        0.057        0.000                      0                  493        4.020        0.000                       0                   212  
  mmcm_fb_in                                                                                                                                                    8.751        0.000                       0                     2  


------------------------------------------------------------------------------------------------
| Inter Clock Table
| -----------------
------------------------------------------------------------------------------------------------

From Clock    To Clock          WNS(ns)      TNS(ns)  TNS Failing Endpoints  TNS Total Endpoints      WHS(ns)      THS(ns)  THS Failing Endpoints  THS Total Endpoints  
----------    --------          -------      -------  ---------------------  -------------------      -------      -------  ---------------------  -------------------  
clk_pwm       clk                 7.245        0.000                      0                   11        0.160        0.000                      0                   11  
clk           clk_pwm             6.693        0.000                      0                   12        0.180        0.000                      0                   12  


------------------------------------------------------------------------------------------------
| Other Path Groups Table
| -----------------------
------------------------------------------------------------------------------------------------

Path Group         From Clock         To Clock               WNS(ns)      TNS(ns)  TNS Failing Endpoints  TNS Total Endpoints      WHS(ns)      THS(ns)  THS Failing Endpoints  THS Total Endpoints  
----------         ----------         --------               -------      -------  ---------------------  -------------------      -------      -------  ---------------------  -------------------  
**async_default**  clk                clk                     15.927        0.000                      0                   47        0.236        0.000                      0                   47  
**async_default**  clk_pwm            clk_pwm                  6.491        0.000                      0                    6        1.147        0.000                      0                    6  


------------------------------------------------------------------------------------------------
| Timing Details
| --------------
------------------------------------------------------------------------------------------------


---------------------------------------------------------------------------------------------------
From Clock:  sys_clk
  To Clock:  sys_clk

Setup :           NA  Failing Endpoints,  Worst Slack           NA  ,  Total Violation           NA
Hold  :           NA  Failing Endpoints,  Worst Slack           NA  ,  Total Violation           NA
PW    :            0  Failing Endpoints,  Worst Slack        3.000ns,  Total Violation        0.000ns
---------------------------------------------------------------------------------------------------


Pulse Width Checks
--------------------------------------------------------------------------------------
Clock Name:         sys_clk
Waveform(ns):       { 0.000 5.000 }
Period(ns):         10.000
Sources:            { sys_clk }

Check Type        Corner  Lib Pin            Reference Pin  Required(ns)  Actual(ns)  Slack(ns)  Location         Pin
Min Period        n/a     BUFG/I             n/a            2.155         10.000      7.845      BUFGCTRL_X0Y16   clk_gbuffer/I
Max Period        n/a     MMCME2_ADV/CLKIN1  n/a            100.000       10.000      90.000     MMCME2_ADV_X1Y0  mmcm_adv/CLKIN1
Low Pulse Width   Fast    MMCME2_ADV/CLKIN1  n/a            2.000         5.000       3.000      MMCME2_ADV_X1Y0  mmcm_adv/CLKIN1
High Pulse Width  Slow    MMCME2_ADV/CLKIN1  n/a            2.000         5.000       3.000      MMCME2_ADV_X1Y0  mmcm_adv/CLKIN1



---------------------------------------------------------------------------------------------------
From Clock:  clk
  To Clock:  clk

Setup :            0  Failing Endpoints,  Worst Slack       14.568ns,  Total Violation        0.000ns
Hold  :            0  Failing Endpoints,  Worst Slack        0.098ns,  Total Violation        0.000ns
PW    :            0  Failing Endpoints,  Worst Slack        9.500ns,  Total Violation        0.000ns
---------------------------------------------------------------------------------------------------


Max Delay Paths
--------------------------------------------------------------------------------------
Slack (MET) :             14.568ns  (required time - arrival time)
  Source:                 dut_sine/index_reg_rep[3]/C
                            (rising edge-triggered cell FDCE clocked by clk  {rise@0.000ns fall@10.000ns period=20.000ns})
  Destination:            dut_sine/output_data_reg[0]/D
                            (rising edge-triggered cell FDCE clocked by clk  {rise@0.000ns fall@10.000ns period=20.000ns})
  Path Group:             clk
  Path Type:              Setup (Max at Slow Process Corner)
  Requirement:            20.000ns  (clk rise@20.000ns - clk rise@0.000ns)
  Data Path Delay:        5.317ns  (logic 1.441ns (27.104%)  route 3.876ns (72.896%))
  Logic Levels:           4  (LUT3=1 LUT4=1 LUT6=1 MUXF7=1)
  Clock Path Skew:        -0.068ns (DCD - SCD + CPR)
    Destination Clock Delay (DCD):    8.686ns = ( 28.686 - 20.000 ) 
    Source Clock Delay      (SCD):    9.520ns
    Clock Pessimism Removal (CPR):    0.766ns
  Clock Uncertainty:      0.076ns  ((TSJ^2 + DJ^2)^1/2) / 2 + PE
    Total System Jitter     (TSJ):    0.071ns
    Discrete Jitter          (DJ):    0.135ns
    Phase Error              (PE):    0.000ns

    Location             Delay type                Incr(ns)  Path(ns)    Netlist Resource(s)
  -------------------------------------------------------------------    -------------------
                         (clock clk rise edge)        0.000     0.000 r  
    N18                                               0.000     0.000 r  sys_clk (IN)
                         net (fo=0)                   0.000     0.000    sys_clk
    N18                  IBUF (Prop_ibuf_I_O)         1.461     1.461 r  sys_clk_ibuffer/O
                         net (fo=1, routed)           2.205     3.666    obuf_clk
    BUFGCTRL_X0Y16       BUFG (Prop_bufg_I_O)         0.101     3.767 r  clk_gbuffer/O
                         net (fo=2, routed)           1.806     5.573    gobuf_clk
    MMCME2_ADV_X1Y0      MMCME2_ADV (Prop_mmcme2_adv_CLKIN1_CLKOUT1)
                                                      0.088     5.661 r  mmcm_adv/CLKOUT1
                         net (fo=1, routed)           1.889     7.550    clk
    BUFGCTRL_X0Y0        BUFG (Prop_bufg_I_O)         0.101     7.651 r  clk_BUFG_inst/O
                         net (fo=253, routed)         1.869     9.520    dut_sine/clk_BUFG
    SLICE_X110Y50        FDCE                                         r  dut_sine/index_reg_rep[3]/C
  -------------------------------------------------------------------    -------------------
    SLICE_X110Y50        FDCE (Prop_fdce_C_Q)         0.456     9.976 r  dut_sine/index_reg_rep[3]/Q
                         net (fo=66, routed)          1.767    11.743    dut_sine/index_reg_rep_n_0_[3]
    SLICE_X108Y47        LUT4 (Prop_lut4_I0_O)        0.146    11.889 r  dut_sine/output_data[4]_i_7/O
                         net (fo=4, routed)           0.968    12.857    dut_sine/output_data[4]_i_7_n_0
    SLICE_X108Y50        LUT6 (Prop_lut6_I2_O)        0.328    13.185 r  dut_sine/output_data[0]_i_5/O
                         net (fo=1, routed)           0.000    13.185    dut_sine/output_data[0]_i_5_n_0
    SLICE_X108Y50        MUXF7 (Prop_muxf7_I1_O)      0.214    13.399 r  dut_sine/output_data_reg[0]_i_2/O
                         net (fo=1, routed)           1.140    14.540    dut_sine/output_data_reg[0]_i_2_n_0
    SLICE_X106Y50        LUT3 (Prop_lut3_I1_O)        0.297    14.837 r  dut_sine/output_data[0]_i_1/O
                         net (fo=1, routed)           0.000    14.837    dut_sine/output_data[0]_i_1_n_0
    SLICE_X106Y50        FDCE                                         r  dut_sine/output_data_reg[0]/D
  -------------------------------------------------------------------    -------------------

                         (clock clk rise edge)       20.000    20.000 r  
    N18                                               0.000    20.000 r  sys_clk (IN)
                         net (fo=0)                   0.000    20.000    sys_clk
    N18                  IBUF (Prop_ibuf_I_O)         1.391    21.391 r  sys_clk_ibuffer/O
                         net (fo=1, routed)           2.006    23.397    obuf_clk
    BUFGCTRL_X0Y16       BUFG (Prop_bufg_I_O)         0.091    23.488 r  clk_gbuffer/O
                         net (fo=2, routed)           1.612    25.100    gobuf_clk
    MMCME2_ADV_X1Y0      MMCME2_ADV (Prop_mmcme2_adv_CLKIN1_CLKOUT1)
                                                      0.083    25.183 r  mmcm_adv/CLKOUT1
                         net (fo=1, routed)           1.725    26.908    clk
    BUFGCTRL_X0Y0        BUFG (Prop_bufg_I_O)         0.091    26.999 r  clk_BUFG_inst/O
                         net (fo=253, routed)         1.687    28.686    dut_sine/clk_BUFG
    SLICE_X106Y50        FDCE                                         r  dut_sine/output_data_reg[0]/C
                         clock pessimism              0.766    29.452    
                         clock uncertainty           -0.076    29.376    
    SLICE_X106Y50        FDCE (Setup_fdce_C_D)        0.029    29.405    dut_sine/output_data_reg[0]
  -------------------------------------------------------------------
                         required time                         29.405    
                         arrival time                         -14.837    
  -------------------------------------------------------------------
                         slack                                 14.568    





Min Delay Paths
--------------------------------------------------------------------------------------
Slack (MET) :             0.098ns  (arrival time - required time)
  Source:                 dut_sine/output_data_reg[3]/C
                            (rising edge-triggered cell FDCE clocked by clk  {rise@0.000ns fall@10.000ns period=20.000ns})
  Destination:            buffered_pwm/dec_sine/data_out_reg[3]/D
                            (rising edge-triggered cell FDCE clocked by clk  {rise@0.000ns fall@10.000ns period=20.000ns})
  Path Group:             clk
  Path Type:              Hold (Min at Fast Process Corner)
  Requirement:            0.000ns  (clk rise@0.000ns - clk rise@0.000ns)
  Data Path Delay:        0.403ns  (logic 0.141ns (34.978%)  route 0.262ns (65.022%))
  Logic Levels:           0  
  Clock Path Skew:        0.242ns (DCD - SCD - CPR)
    Destination Clock Delay (DCD):    3.581ns
    Source Clock Delay      (SCD):    2.770ns
    Clock Pessimism Removal (CPR):    0.568ns

    Location             Delay type                Incr(ns)  Path(ns)    Netlist Resource(s)
  -------------------------------------------------------------------    -------------------
                         (clock clk rise edge)        0.000     0.000 r  
    N18                                               0.000     0.000 r  sys_clk (IN)
                         net (fo=0)                   0.000     0.000    sys_clk
    N18                  IBUF (Prop_ibuf_I_O)         0.229     0.229 r  sys_clk_ibuffer/O
                         net (fo=1, routed)           0.674     0.903    obuf_clk
    BUFGCTRL_X0Y16       BUFG (Prop_bufg_I_O)         0.026     0.929 r  clk_gbuffer/O
                         net (fo=2, routed)           0.597     1.526    gobuf_clk
    MMCME2_ADV_X1Y0      MMCME2_ADV (Prop_mmcme2_adv_CLKIN1_CLKOUT1)
                                                      0.050     1.576 r  mmcm_adv/CLKOUT1
                         net (fo=1, routed)           0.529     2.105    clk
    BUFGCTRL_X0Y0        BUFG (Prop_bufg_I_O)         0.026     2.131 r  clk_BUFG_inst/O
                         net (fo=253, routed)         0.640     2.770    dut_sine/clk_BUFG
    SLICE_X109Y49        FDCE                                         r  dut_sine/output_data_reg[3]/C
  -------------------------------------------------------------------    -------------------
    SLICE_X109Y49        FDCE (Prop_fdce_C_Q)         0.141     2.911 r  dut_sine/output_data_reg[3]/Q
                         net (fo=2, routed)           0.262     3.174    buffered_pwm/dec_sine/data_out_reg[5]_1[3]
    SLICE_X104Y50        FDCE                                         r  buffered_pwm/dec_sine/data_out_reg[3]/D
  -------------------------------------------------------------------    -------------------

                         (clock clk rise edge)        0.000     0.000 r  
    N18                                               0.000     0.000 r  sys_clk (IN)
                         net (fo=0)                   0.000     0.000    sys_clk
    N18                  IBUF (Prop_ibuf_I_O)         0.417     0.417 r  sys_clk_ibuffer/O
                         net (fo=1, routed)           0.731     1.148    obuf_clk
    BUFGCTRL_X0Y16       BUFG (Prop_bufg_I_O)         0.029     1.177 r  clk_gbuffer/O
                         net (fo=2, routed)           0.864     2.041    gobuf_clk
    MMCME2_ADV_X1Y0      MMCME2_ADV (Prop_mmcme2_adv_CLKIN1_CLKOUT1)
                                                      0.053     2.094 r  mmcm_adv/CLKOUT1
                         net (fo=1, routed)           0.576     2.670    clk
    BUFGCTRL_X0Y0        BUFG (Prop_bufg_I_O)         0.029     2.699 r  clk_BUFG_inst/O
                         net (fo=253, routed)         0.882     3.581    buffered_pwm/dec_sine/clk_BUFG
    SLICE_X104Y50        FDCE                                         r  buffered_pwm/dec_sine/data_out_reg[3]/C
                         clock pessimism             -0.568     3.013    
    SLICE_X104Y50        FDCE (Hold_fdce_C_D)         0.063     3.076    buffered_pwm/dec_sine/data_out_reg[3]
  -------------------------------------------------------------------
                         required time                         -3.076    
                         arrival time                           3.174    
  -------------------------------------------------------------------
                         slack                                  0.098    





Pulse Width Checks
--------------------------------------------------------------------------------------
Clock Name:         clk
Waveform(ns):       { 0.000 10.000 }
Period(ns):         20.000
Sources:            { mmcm_adv/CLKOUT1 }

Check Type        Corner  Lib Pin             Reference Pin  Required(ns)  Actual(ns)  Slack(ns)  Location         Pin
Min Period        n/a     RAMB18E1/CLKARDCLK  n/a            2.576         20.000      17.424     RAMB18_X5Y20     buffered_pwm/input_buffer/memory_reg/CLKARDCLK
Max Period        n/a     MMCME2_ADV/CLKOUT1  n/a            213.360       20.000      193.360    MMCME2_ADV_X1Y0  mmcm_adv/CLKOUT1
Low Pulse Width   Fast    FDRE/C              n/a            0.500         10.000      9.500      SLICE_X105Y50    buffered_pwm/buf_input_reg[0]/C
High Pulse Width  Slow    FDRE/C              n/a            0.500         10.000      9.500      SLICE_X105Y50    buffered_pwm/buf_input_reg[0]/C



---------------------------------------------------------------------------------------------------
From Clock:  clk_pwm
  To Clock:  clk_pwm

Setup :            0  Failing Endpoints,  Worst Slack        4.559ns,  Total Violation        0.000ns
Hold  :            0  Failing Endpoints,  Worst Slack        0.057ns,  Total Violation        0.000ns
PW    :            0  Failing Endpoints,  Worst Slack        4.020ns,  Total Violation        0.000ns
---------------------------------------------------------------------------------------------------


Max Delay Paths
--------------------------------------------------------------------------------------
Slack (MET) :             4.559ns  (required time - arrival time)
  Source:                 buffered_pwm/input_buffer/wr_ptr_gray_rd2_reg[10]/C
                            (rising edge-triggered cell FDRE clocked by clk_pwm  {rise@0.000ns fall@5.000ns period=10.000ns})
  Destination:            buffered_pwm/input_buffer/empty_i_reg/D
                            (rising edge-triggered cell FDSE clocked by clk_pwm  {rise@0.000ns fall@5.000ns period=10.000ns})
  Path Group:             clk_pwm
  Path Type:              Setup (Max at Slow Process Corner)
  Requirement:            10.000ns  (clk_pwm rise@10.000ns - clk_pwm rise@0.000ns)
  Data Path Delay:        5.136ns  (logic 1.958ns (38.126%)  route 3.178ns (61.874%))
  Logic Levels:           5  (CARRY4=1 LUT4=2 LUT5=1 LUT6=1)
  Clock Path Skew:        -0.265ns (DCD - SCD + CPR)
    Destination Clock Delay (DCD):    8.612ns = ( 18.612 - 10.000 ) 
    Source Clock Delay      (SCD):    9.529ns
    Clock Pessimism Removal (CPR):    0.652ns
  Clock Uncertainty:      0.069ns  ((TSJ^2 + DJ^2)^1/2) / 2 + PE
    Total System Jitter     (TSJ):    0.071ns
    Discrete Jitter          (DJ):    0.118ns
    Phase Error              (PE):    0.000ns

    Location             Delay type                Incr(ns)  Path(ns)    Netlist Resource(s)
  -------------------------------------------------------------------    -------------------
                         (clock clk_pwm rise edge)    0.000     0.000 r  
    N18                                               0.000     0.000 r  sys_clk (IN)
                         net (fo=0)                   0.000     0.000    sys_clk
    N18                  IBUF (Prop_ibuf_I_O)         1.461     1.461 r  sys_clk_ibuffer/O
                         net (fo=1, routed)           2.205     3.666    obuf_clk
    BUFGCTRL_X0Y16       BUFG (Prop_bufg_I_O)         0.101     3.767 r  clk_gbuffer/O
                         net (fo=2, routed)           1.806     5.573    gobuf_clk
    MMCME2_ADV_X1Y0      MMCME2_ADV (Prop_mmcme2_adv_CLKIN1_CLKOUT2)
                                                      0.088     5.661 r  mmcm_adv/CLKOUT2
                         net (fo=1, routed)           1.889     7.550    clk_pwm
    BUFGCTRL_X0Y1        BUFG (Prop_bufg_I_O)         0.101     7.651 r  clk_pwm_BUFG_inst/O
                         net (fo=210, routed)         1.878     9.529    buffered_pwm/input_buffer/clk_pwm_BUFG
    SLICE_X106Y46        FDRE                                         r  buffered_pwm/input_buffer/wr_ptr_gray_rd2_reg[10]/C
  -------------------------------------------------------------------    -------------------
    SLICE_X106Y46        FDRE (Prop_fdre_C_Q)         0.456     9.985 r  buffered_pwm/input_buffer/wr_ptr_gray_rd2_reg[10]/Q
                         net (fo=7, routed)           1.124    11.109    buffered_pwm/input_buffer/p_0_in1_in
    SLICE_X104Y45        LUT5 (Prop_lut5_I3_O)        0.148    11.257 r  buffered_pwm/input_buffer/fifo_is_empty_carry_i_10/O
                         net (fo=3, routed)           0.637    11.894    buffered_pwm/input_buffer/fifo_is_empty_carry_i_10_n_0
    SLICE_X105Y45        LUT4 (Prop_lut4_I2_O)        0.354    12.248 r  buffered_pwm/input_buffer/fifo_is_empty_carry_i_6/O
                         net (fo=1, routed)           0.458    12.706    buffered_pwm/input_buffer/fifo_is_empty_carry_i_6_n_0
    SLICE_X105Y46        LUT6 (Prop_lut6_I0_O)        0.326    13.032 r  buffered_pwm/input_buffer/fifo_is_empty_carry_i_3/O
                         net (fo=1, routed)           0.000    13.032    buffered_pwm/input_buffer/fifo_is_empty_carry_i_3_n_0
    SLICE_X105Y46        CARRY4 (Prop_carry4_S[1]_CO[3])
                                                      0.550    13.582 r  buffered_pwm/input_buffer/fifo_is_empty_carry/CO[3]
                         net (fo=1, routed)           0.959    14.541    buffered_pwm/input_buffer/fifo_is_empty
    SLICE_X103Y51        LUT4 (Prop_lut4_I3_O)        0.124    14.665 r  buffered_pwm/input_buffer/empty_i_i_1/O
                         net (fo=1, routed)           0.000    14.665    buffered_pwm/input_buffer/empty_i_i_1_n_0
    SLICE_X103Y51        FDSE                                         r  buffered_pwm/input_buffer/empty_i_reg/D
  -------------------------------------------------------------------    -------------------

                         (clock clk_pwm rise edge)   10.000    10.000 r  
    N18                                               0.000    10.000 r  sys_clk (IN)
                         net (fo=0)                   0.000    10.000    sys_clk
    N18                  IBUF (Prop_ibuf_I_O)         1.391    11.391 r  sys_clk_ibuffer/O
                         net (fo=1, routed)           2.006    13.397    obuf_clk
    BUFGCTRL_X0Y16       BUFG (Prop_bufg_I_O)         0.091    13.488 r  clk_gbuffer/O
                         net (fo=2, routed)           1.612    15.100    gobuf_clk
    MMCME2_ADV_X1Y0      MMCME2_ADV (Prop_mmcme2_adv_CLKIN1_CLKOUT2)
                                                      0.083    15.183 r  mmcm_adv/CLKOUT2
                         net (fo=1, routed)           1.725    16.908    clk_pwm
    BUFGCTRL_X0Y1        BUFG (Prop_bufg_I_O)         0.091    16.999 r  clk_pwm_BUFG_inst/O
                         net (fo=210, routed)         1.613    18.612    buffered_pwm/input_buffer/clk_pwm_BUFG
    SLICE_X103Y51        FDSE                                         r  buffered_pwm/input_buffer/empty_i_reg/C
                         clock pessimism              0.652    19.264    
                         clock uncertainty           -0.069    19.195    
    SLICE_X103Y51        FDSE (Setup_fdse_C_D)        0.029    19.224    buffered_pwm/input_buffer/empty_i_reg
  -------------------------------------------------------------------
                         required time                         19.224    
                         arrival time                         -14.665    
  -------------------------------------------------------------------
                         slack                                  4.559    





Min Delay Paths
--------------------------------------------------------------------------------------
Slack (MET) :             0.057ns  (arrival time - required time)
  Source:                 buffered_pwm/input_buffer/rd_ptr_bin_reg[8]/C
                            (rising edge-triggered cell FDRE clocked by clk_pwm  {rise@0.000ns fall@5.000ns period=10.000ns})
  Destination:            buffered_pwm/input_buffer/memory_reg/ADDRBWRADDR[12]
                            (rising edge-triggered cell RAMB18E1 clocked by clk_pwm  {rise@0.000ns fall@5.000ns period=10.000ns})
  Path Group:             clk_pwm
  Path Type:              Hold (Min at Fast Process Corner)
  Requirement:            0.000ns  (clk_pwm rise@0.000ns - clk_pwm rise@0.000ns)
  Data Path Delay:        0.552ns  (logic 0.164ns (29.725%)  route 0.388ns (70.275%))
  Logic Levels:           0  
  Clock Path Skew:        0.312ns (DCD - SCD - CPR)
    Destination Clock Delay (DCD):    3.623ns
    Source Clock Delay      (SCD):    2.743ns
    Clock Pessimism Removal (CPR):    0.568ns

    Location             Delay type                Incr(ns)  Path(ns)    Netlist Resource(s)
  -------------------------------------------------------------------    -------------------
                         (clock clk_pwm rise edge)    0.000     0.000 r  
    N18                                               0.000     0.000 r  sys_clk (IN)
                         net (fo=0)                   0.000     0.000    sys_clk
    N18                  IBUF (Prop_ibuf_I_O)         0.229     0.229 r  sys_clk_ibuffer/O
                         net (fo=1, routed)           0.674     0.903    obuf_clk
    BUFGCTRL_X0Y16       BUFG (Prop_bufg_I_O)         0.026     0.929 r  clk_gbuffer/O
                         net (fo=2, routed)           0.597     1.526    gobuf_clk
    MMCME2_ADV_X1Y0      MMCME2_ADV (Prop_mmcme2_adv_CLKIN1_CLKOUT2)
                                                      0.050     1.576 r  mmcm_adv/CLKOUT2
                         net (fo=1, routed)           0.529     2.105    clk_pwm
    BUFGCTRL_X0Y1        BUFG (Prop_bufg_I_O)         0.026     2.131 r  clk_pwm_BUFG_inst/O
                         net (fo=210, routed)         0.613     2.743    buffered_pwm/input_buffer/clk_pwm_BUFG
    SLICE_X104Y47        FDRE                                         r  buffered_pwm/input_buffer/rd_ptr_bin_reg[8]/C
  -------------------------------------------------------------------    -------------------
    SLICE_X104Y47        FDRE (Prop_fdre_C_Q)         0.164     2.907 r  buffered_pwm/input_buffer/rd_ptr_bin_reg[8]/Q
                         net (fo=10, routed)          0.388     3.295    buffered_pwm/input_buffer/rd_ptr_bin_reg_rep__0[8]
    RAMB18_X5Y20         RAMB18E1                                     r  buffered_pwm/input_buffer/memory_reg/ADDRBWRADDR[12]
  -------------------------------------------------------------------    -------------------

                         (clock clk_pwm rise edge)    0.000     0.000 r  
    N18                                               0.000     0.000 r  sys_clk (IN)
                         net (fo=0)                   0.000     0.000    sys_clk
    N18                  IBUF (Prop_ibuf_I_O)         0.417     0.417 r  sys_clk_ibuffer/O
                         net (fo=1, routed)           0.731     1.148    obuf_clk
    BUFGCTRL_X0Y16       BUFG (Prop_bufg_I_O)         0.029     1.177 r  clk_gbuffer/O
                         net (fo=2, routed)           0.864     2.041    gobuf_clk
    MMCME2_ADV_X1Y0      MMCME2_ADV (Prop_mmcme2_adv_CLKIN1_CLKOUT2)
                                                      0.053     2.094 r  mmcm_adv/CLKOUT2
                         net (fo=1, routed)           0.576     2.670    clk_pwm
    BUFGCTRL_X0Y1        BUFG (Prop_bufg_I_O)         0.029     2.699 r  clk_pwm_BUFG_inst/O
                         net (fo=210, routed)         0.924     3.623    buffered_pwm/input_buffer/clk_pwm_BUFG
    RAMB18_X5Y20         RAMB18E1                                     r  buffered_pwm/input_buffer/memory_reg/CLKBWRCLK
                         clock pessimism             -0.568     3.055    
    RAMB18_X5Y20         RAMB18E1 (Hold_ramb18e1_CLKBWRCLK_ADDRBWRADDR[12])
                                                      0.183     3.238    buffered_pwm/input_buffer/memory_reg
  -------------------------------------------------------------------
                         required time                         -3.238    
                         arrival time                           3.295    
  -------------------------------------------------------------------
                         slack                                  0.057    





Pulse Width Checks
--------------------------------------------------------------------------------------
Clock Name:         clk_pwm
Waveform(ns):       { 0.000 5.000 }
Period(ns):         10.000
Sources:            { mmcm_adv/CLKOUT2 }

Check Type        Corner  Lib Pin             Reference Pin  Required(ns)  Actual(ns)  Slack(ns)  Location         Pin
Min Period        n/a     RAMB18E1/CLKBWRCLK  n/a            2.576         10.000      7.424      RAMB18_X5Y20     buffered_pwm/input_buffer/memory_reg/CLKBWRCLK
Max Period        n/a     MMCME2_ADV/CLKOUT2  n/a            213.360       10.000      203.360    MMCME2_ADV_X1Y0  mmcm_adv/CLKOUT2
Low Pulse Width   Slow    SRL16E/CLK          n/a            0.980         5.000       4.020      SLICE_X108Y46    buffered_pwm/rst_sync_reg[2]_srl3/CLK
High Pulse Width  Fast    SRL16E/CLK          n/a            0.980         5.000       4.020      SLICE_X108Y46    buffered_pwm/rst_sync_reg[2]_srl3/CLK



---------------------------------------------------------------------------------------------------
From Clock:  mmcm_fb_in
  To Clock:  mmcm_fb_in

Setup :           NA  Failing Endpoints,  Worst Slack           NA  ,  Total Violation           NA
Hold  :           NA  Failing Endpoints,  Worst Slack           NA  ,  Total Violation           NA
PW    :            0  Failing Endpoints,  Worst Slack        8.751ns,  Total Violation        0.000ns
---------------------------------------------------------------------------------------------------


Pulse Width Checks
--------------------------------------------------------------------------------------
Clock Name:         mmcm_fb_in
Waveform(ns):       { 0.000 5.000 }
Period(ns):         10.000
Sources:            { mmcm_adv/CLKFBOUT }

Check Type  Corner  Lib Pin              Reference Pin  Required(ns)  Actual(ns)  Slack(ns)  Location         Pin
Min Period  n/a     MMCME2_ADV/CLKFBOUT  n/a            1.249         10.000      8.751      MMCME2_ADV_X1Y0  mmcm_adv/CLKFBOUT
Max Period  n/a     MMCME2_ADV/CLKFBIN   n/a            100.000       10.000      90.000     MMCME2_ADV_X1Y0  mmcm_adv/CLKFBIN



---------------------------------------------------------------------------------------------------
From Clock:  clk_pwm
  To Clock:  clk

Setup :            0  Failing Endpoints,  Worst Slack        7.245ns,  Total Violation        0.000ns
Hold  :            0  Failing Endpoints,  Worst Slack        0.160ns,  Total Violation        0.000ns
---------------------------------------------------------------------------------------------------


Max Delay Paths
--------------------------------------------------------------------------------------
Slack (MET) :             7.245ns  (required time - arrival time)
  Source:                 buffered_pwm/input_buffer/rd_ptr_gray_reg[1]/C
                            (rising edge-triggered cell FDRE clocked by clk_pwm  {rise@0.000ns fall@5.000ns period=10.000ns})
  Destination:            buffered_pwm/input_buffer/rd_ptr_gray_wr1_reg[1]/D
                            (rising edge-triggered cell FDRE clocked by clk  {rise@0.000ns fall@10.000ns period=20.000ns})
  Path Group:             clk
  Path Type:              Setup (Max at Slow Process Corner)
  Requirement:            10.000ns  (clk rise@20.000ns - clk_pwm rise@10.000ns)
  Data Path Delay:        1.995ns  (logic 0.478ns (23.961%)  route 1.517ns (76.039%))
  Logic Levels:           0  
  Clock Path Skew:        -0.350ns (DCD - SCD + CPR)
    Destination Clock Delay (DCD):    8.612ns = ( 28.612 - 20.000 ) 
    Source Clock Delay      (SCD):    9.440ns = ( 19.440 - 10.000 ) 
    Clock Pessimism Removal (CPR):    0.478ns
  Clock Uncertainty:      0.196ns  ((TSJ^2 + DJ^2)^1/2) / 2 + PE
    Total System Jitter     (TSJ):    0.071ns
    Discrete Jitter          (DJ):    0.135ns
    Phase Error              (PE):    0.120ns

    Location             Delay type                Incr(ns)  Path(ns)    Netlist Resource(s)
  -------------------------------------------------------------------    -------------------
                         (clock clk_pwm rise edge)   10.000    10.000 r  
    N18                                               0.000    10.000 r  sys_clk (IN)
                         net (fo=0)                   0.000    10.000    sys_clk
    N18                  IBUF (Prop_ibuf_I_O)         1.461    11.461 r  sys_clk_ibuffer/O
                         net (fo=1, routed)           2.205    13.666    obuf_clk
    BUFGCTRL_X0Y16       BUFG (Prop_bufg_I_O)         0.101    13.767 r  clk_gbuffer/O
                         net (fo=2, routed)           1.806    15.573    gobuf_clk
    MMCME2_ADV_X1Y0      MMCME2_ADV (Prop_mmcme2_adv_CLKIN1_CLKOUT2)
                                                      0.088    15.661 r  mmcm_adv/CLKOUT2
                         net (fo=1, routed)           1.889    17.550    clk_pwm
    BUFGCTRL_X0Y1        BUFG (Prop_bufg_I_O)         0.101    17.651 r  clk_pwm_BUFG_inst/O
                         net (fo=210, routed)         1.789    19.440    buffered_pwm/input_buffer/clk_pwm_BUFG
    SLICE_X104Y51        FDRE                                         r  buffered_pwm/input_buffer/rd_ptr_gray_reg[1]/C
  -------------------------------------------------------------------    -------------------
    SLICE_X104Y51        FDRE (Prop_fdre_C_Q)         0.478    19.918 r  buffered_pwm/input_buffer/rd_ptr_gray_reg[1]/Q
                         net (fo=1, routed)           1.517    21.435    buffered_pwm/input_buffer/rd_ptr_gray[1]
    SLICE_X102Y50        FDRE                                         r  buffered_pwm/input_buffer/rd_ptr_gray_wr1_reg[1]/D
  -------------------------------------------------------------------    -------------------

                         (clock clk rise edge)       20.000    20.000 r  
    N18                                               0.000    20.000 r  sys_clk (IN)
                         net (fo=0)                   0.000    20.000    sys_clk
    N18                  IBUF (Prop_ibuf_I_O)         1.391    21.391 r  sys_clk_ibuffer/O
                         net (fo=1, routed)           2.006    23.397    obuf_clk
    BUFGCTRL_X0Y16       BUFG (Prop_bufg_I_O)         0.091    23.488 r  clk_gbuffer/O
                         net (fo=2, routed)           1.612    25.100    gobuf_clk
    MMCME2_ADV_X1Y0      MMCME2_ADV (Prop_mmcme2_adv_CLKIN1_CLKOUT1)
                                                      0.083    25.183 r  mmcm_adv/CLKOUT1
                         net (fo=1, routed)           1.725    26.908    clk
    BUFGCTRL_X0Y0        BUFG (Prop_bufg_I_O)         0.091    26.999 r  clk_BUFG_inst/O
                         net (fo=253, routed)         1.613    28.612    buffered_pwm/input_buffer/clk_BUFG
    SLICE_X102Y50        FDRE                                         r  buffered_pwm/input_buffer/rd_ptr_gray_wr1_reg[1]/C
                         clock pessimism              0.478    29.090    
                         clock uncertainty           -0.196    28.894    
    SLICE_X102Y50        FDRE (Setup_fdre_C_D)       -0.214    28.680    buffered_pwm/input_buffer/rd_ptr_gray_wr1_reg[1]
  -------------------------------------------------------------------
                         required time                         28.680    
                         arrival time                         -21.435    
  -------------------------------------------------------------------
                         slack                                  7.245    





Min Delay Paths
--------------------------------------------------------------------------------------
Slack (MET) :             0.160ns  (arrival time - required time)
  Source:                 buffered_pwm/input_buffer/rd_ptr_gray_reg[5]/C
                            (rising edge-triggered cell FDRE clocked by clk_pwm  {rise@0.000ns fall@5.000ns period=10.000ns})
  Destination:            buffered_pwm/input_buffer/rd_ptr_gray_wr1_reg[5]/D
                            (rising edge-triggered cell FDRE clocked by clk  {rise@0.000ns fall@10.000ns period=20.000ns})
  Path Group:             clk
  Path Type:              Hold (Min at Fast Process Corner)
  Requirement:            0.000ns  (clk rise@0.000ns - clk_pwm rise@0.000ns)
  Data Path Delay:        0.710ns  (logic 0.128ns (18.038%)  route 0.582ns (81.962%))
  Logic Levels:           0  
  Clock Path Skew:        0.320ns (DCD - SCD - CPR)
    Destination Clock Delay (DCD):    3.582ns
    Source Clock Delay      (SCD):    2.743ns
    Clock Pessimism Removal (CPR):    0.518ns
  Clock Uncertainty:      0.196ns  ((TSJ^2 + DJ^2)^1/2) / 2 + PE
    Total System Jitter     (TSJ):    0.071ns
    Discrete Jitter          (DJ):    0.135ns
    Phase Error              (PE):    0.120ns

    Location             Delay type                Incr(ns)  Path(ns)    Netlist Resource(s)
  -------------------------------------------------------------------    -------------------
                         (clock clk_pwm rise edge)    0.000     0.000 r  
    N18                                               0.000     0.000 r  sys_clk (IN)
                         net (fo=0)                   0.000     0.000    sys_clk
    N18                  IBUF (Prop_ibuf_I_O)         0.229     0.229 r  sys_clk_ibuffer/O
                         net (fo=1, routed)           0.674     0.903    obuf_clk
    BUFGCTRL_X0Y16       BUFG (Prop_bufg_I_O)         0.026     0.929 r  clk_gbuffer/O
                         net (fo=2, routed)           0.597     1.526    gobuf_clk
    MMCME2_ADV_X1Y0      MMCME2_ADV (Prop_mmcme2_adv_CLKIN1_CLKOUT2)
                                                      0.050     1.576 r  mmcm_adv/CLKOUT2
                         net (fo=1, routed)           0.529     2.105    clk_pwm
    BUFGCTRL_X0Y1        BUFG (Prop_bufg_I_O)         0.026     2.131 r  clk_pwm_BUFG_inst/O
                         net (fo=210, routed)         0.613     2.743    buffered_pwm/input_buffer/clk_pwm_BUFG
    SLICE_X105Y47        FDRE                                         r  buffered_pwm/input_buffer/rd_ptr_gray_reg[5]/C
  -------------------------------------------------------------------    -------------------
    SLICE_X105Y47        FDRE (Prop_fdre_C_Q)         0.128     2.871 r  buffered_pwm/input_buffer/rd_ptr_gray_reg[5]/Q
                         net (fo=1, routed)           0.582     3.453    buffered_pwm/input_buffer/rd_ptr_gray[5]
    SLICE_X102Y48        FDRE                                         r  buffered_pwm/input_buffer/rd_ptr_gray_wr1_reg[5]/D
  -------------------------------------------------------------------    -------------------

                         (clock clk rise edge)        0.000     0.000 r  
    N18                                               0.000     0.000 r  sys_clk (IN)
                         net (fo=0)                   0.000     0.000    sys_clk
    N18                  IBUF (Prop_ibuf_I_O)         0.417     0.417 r  sys_clk_ibuffer/O
                         net (fo=1, routed)           0.731     1.148    obuf_clk
    BUFGCTRL_X0Y16       BUFG (Prop_bufg_I_O)         0.029     1.177 r  clk_gbuffer/O
                         net (fo=2, routed)           0.864     2.041    gobuf_clk
    MMCME2_ADV_X1Y0      MMCME2_ADV (Prop_mmcme2_adv_CLKIN1_CLKOUT1)
                                                      0.053     2.094 r  mmcm_adv/CLKOUT1
                         net (fo=1, routed)           0.576     2.670    clk
    BUFGCTRL_X0Y0        BUFG (Prop_bufg_I_O)         0.029     2.699 r  clk_BUFG_inst/O
                         net (fo=253, routed)         0.883     3.582    buffered_pwm/input_buffer/clk_BUFG
    SLICE_X102Y48        FDRE                                         r  buffered_pwm/input_buffer/rd_ptr_gray_wr1_reg[5]/C
                         clock pessimism             -0.518     3.064    
                         clock uncertainty            0.196     3.260    
    SLICE_X102Y48        FDRE (Hold_fdre_C_D)         0.033     3.293    buffered_pwm/input_buffer/rd_ptr_gray_wr1_reg[5]
  -------------------------------------------------------------------
                         required time                         -3.293    
                         arrival time                           3.453    
  -------------------------------------------------------------------
                         slack                                  0.160    





---------------------------------------------------------------------------------------------------
From Clock:  clk
  To Clock:  clk_pwm

Setup :            0  Failing Endpoints,  Worst Slack        6.693ns,  Total Violation        0.000ns
Hold  :            0  Failing Endpoints,  Worst Slack        0.180ns,  Total Violation        0.000ns
---------------------------------------------------------------------------------------------------


Max Delay Paths
--------------------------------------------------------------------------------------
Slack (MET) :             6.693ns  (required time - arrival time)
  Source:                 rst_shreg_reg[2]/C
                            (rising edge-triggered cell FDSE clocked by clk  {rise@0.000ns fall@10.000ns period=20.000ns})
  Destination:            buffered_pwm/rst_sync_reg[2]_srl3/D
                            (rising edge-triggered cell SRL16E clocked by clk_pwm  {rise@0.000ns fall@5.000ns period=10.000ns})
  Path Group:             clk_pwm
  Path Type:              Setup (Max at Slow Process Corner)
  Requirement:            10.000ns  (clk_pwm rise@10.000ns - clk rise@0.000ns)
  Data Path Delay:        2.723ns  (logic 0.518ns (19.020%)  route 2.205ns (80.980%))
  Logic Levels:           0  
  Clock Path Skew:        -0.344ns (DCD - SCD + CPR)
    Destination Clock Delay (DCD):    8.697ns = ( 18.697 - 10.000 ) 
    Source Clock Delay      (SCD):    9.518ns
    Clock Pessimism Removal (CPR):    0.478ns
  Clock Uncertainty:      0.196ns  ((TSJ^2 + DJ^2)^1/2) / 2 + PE
    Total System Jitter     (TSJ):    0.071ns
    Discrete Jitter          (DJ):    0.135ns
    Phase Error              (PE):    0.120ns

    Location             Delay type                Incr(ns)  Path(ns)    Netlist Resource(s)
  -------------------------------------------------------------------    -------------------
                         (clock clk rise edge)        0.000     0.000 r  
    N18                                               0.000     0.000 r  sys_clk (IN)
                         net (fo=0)                   0.000     0.000    sys_clk
    N18                  IBUF (Prop_ibuf_I_O)         1.461     1.461 r  sys_clk_ibuffer/O
                         net (fo=1, routed)           2.205     3.666    obuf_clk
    BUFGCTRL_X0Y16       BUFG (Prop_bufg_I_O)         0.101     3.767 r  clk_gbuffer/O
                         net (fo=2, routed)           1.806     5.573    gobuf_clk
    MMCME2_ADV_X1Y0      MMCME2_ADV (Prop_mmcme2_adv_CLKIN1_CLKOUT1)
                                                      0.088     5.661 r  mmcm_adv/CLKOUT1
                         net (fo=1, routed)           1.889     7.550    clk
    BUFGCTRL_X0Y0        BUFG (Prop_bufg_I_O)         0.101     7.651 r  clk_BUFG_inst/O
                         net (fo=253, routed)         1.867     9.518    clk_BUFG
    SLICE_X112Y57        FDSE                                         r  rst_shreg_reg[2]/C
  -------------------------------------------------------------------    -------------------
    SLICE_X112Y57        FDSE (Prop_fdse_C_Q)         0.518    10.036 r  rst_shreg_reg[2]/Q
                         net (fo=210, routed)         2.205    12.242    buffered_pwm/Q[0]
    SLICE_X108Y46        SRL16E                                       r  buffered_pwm/rst_sync_reg[2]_srl3/D
  -------------------------------------------------------------------    -------------------

                         (clock clk_pwm rise edge)   10.000    10.000 r  
    N18                                               0.000    10.000 r  sys_clk (IN)
                         net (fo=0)                   0.000    10.000    sys_clk
    N18                  IBUF (Prop_ibuf_I_O)         1.391    11.391 r  sys_clk_ibuffer/O
                         net (fo=1, routed)           2.006    13.397    obuf_clk
    BUFGCTRL_X0Y16       BUFG (Prop_bufg_I_O)         0.091    13.488 r  clk_gbuffer/O
                         net (fo=2, routed)           1.612    15.100    gobuf_clk
    MMCME2_ADV_X1Y0      MMCME2_ADV (Prop_mmcme2_adv_CLKIN1_CLKOUT2)
                                                      0.083    15.183 r  mmcm_adv/CLKOUT2
                         net (fo=1, routed)           1.725    16.908    clk_pwm
    BUFGCTRL_X0Y1        BUFG (Prop_bufg_I_O)         0.091    16.999 r  clk_pwm_BUFG_inst/O
                         net (fo=210, routed)         1.697    18.697    buffered_pwm/clk_pwm_BUFG
    SLICE_X108Y46        SRL16E                                       r  buffered_pwm/rst_sync_reg[2]_srl3/CLK
                         clock pessimism              0.478    19.175    
                         clock uncertainty           -0.196    18.978    
    SLICE_X108Y46        SRL16E (Setup_srl16e_CLK_D)
                                                     -0.044    18.934    buffered_pwm/rst_sync_reg[2]_srl3
  -------------------------------------------------------------------
                         required time                         18.934    
                         arrival time                         -12.242    
  -------------------------------------------------------------------
                         slack                                  6.693    





Min Delay Paths
--------------------------------------------------------------------------------------
Slack (MET) :             0.180ns  (arrival time - required time)
  Source:                 buffered_pwm/input_buffer/wr_ptr_gray_reg[4]/C
                            (rising edge-triggered cell FDRE clocked by clk  {rise@0.000ns fall@10.000ns period=20.000ns})
  Destination:            buffered_pwm/input_buffer/wr_ptr_gray_rd1_reg[4]/D
                            (rising edge-triggered cell FDRE clocked by clk_pwm  {rise@0.000ns fall@5.000ns period=10.000ns})
  Path Group:             clk_pwm
  Path Type:              Hold (Min at Fast Process Corner)
  Requirement:            0.000ns  (clk_pwm rise@0.000ns - clk rise@0.000ns)
  Data Path Delay:        0.768ns  (logic 0.141ns (18.370%)  route 0.627ns (81.630%))
  Logic Levels:           0  
  Clock Path Skew:        0.321ns (DCD - SCD - CPR)
    Destination Clock Delay (DCD):    3.610ns
    Source Clock Delay      (SCD):    2.770ns
    Clock Pessimism Removal (CPR):    0.518ns
  Clock Uncertainty:      0.196ns  ((TSJ^2 + DJ^2)^1/2) / 2 + PE
    Total System Jitter     (TSJ):    0.071ns
    Discrete Jitter          (DJ):    0.135ns
    Phase Error              (PE):    0.120ns

    Location             Delay type                Incr(ns)  Path(ns)    Netlist Resource(s)
  -------------------------------------------------------------------    -------------------
                         (clock clk rise edge)        0.000     0.000 r  
    N18                                               0.000     0.000 r  sys_clk (IN)
                         net (fo=0)                   0.000     0.000    sys_clk
    N18                  IBUF (Prop_ibuf_I_O)         0.229     0.229 r  sys_clk_ibuffer/O
                         net (fo=1, routed)           0.674     0.903    obuf_clk
    BUFGCTRL_X0Y16       BUFG (Prop_bufg_I_O)         0.026     0.929 r  clk_gbuffer/O
                         net (fo=2, routed)           0.597     1.526    gobuf_clk
    MMCME2_ADV_X1Y0      MMCME2_ADV (Prop_mmcme2_adv_CLKIN1_CLKOUT1)
                                                      0.050     1.576 r  mmcm_adv/CLKOUT1
                         net (fo=1, routed)           0.529     2.105    clk
    BUFGCTRL_X0Y0        BUFG (Prop_bufg_I_O)         0.026     2.131 r  clk_BUFG_inst/O
                         net (fo=253, routed)         0.640     2.770    buffered_pwm/input_buffer/clk_BUFG
    SLICE_X106Y49        FDRE                                         r  buffered_pwm/input_buffer/wr_ptr_gray_reg[4]/C
  -------------------------------------------------------------------    -------------------
    SLICE_X106Y49        FDRE (Prop_fdre_C_Q)         0.141     2.911 r  buffered_pwm/input_buffer/wr_ptr_gray_reg[4]/Q
                         net (fo=1, routed)           0.627     3.538    buffered_pwm/input_buffer/wr_ptr_gray[4]
    SLICE_X107Y48        FDRE                                         r  buffered_pwm/input_buffer/wr_ptr_gray_rd1_reg[4]/D
  -------------------------------------------------------------------    -------------------

                         (clock clk_pwm rise edge)    0.000     0.000 r  
    N18                                               0.000     0.000 r  sys_clk (IN)
                         net (fo=0)                   0.000     0.000    sys_clk
    N18                  IBUF (Prop_ibuf_I_O)         0.417     0.417 r  sys_clk_ibuffer/O
                         net (fo=1, routed)           0.731     1.148    obuf_clk
    BUFGCTRL_X0Y16       BUFG (Prop_bufg_I_O)         0.029     1.177 r  clk_gbuffer/O
                         net (fo=2, routed)           0.864     2.041    gobuf_clk
    MMCME2_ADV_X1Y0      MMCME2_ADV (Prop_mmcme2_adv_CLKIN1_CLKOUT2)
                                                      0.053     2.094 r  mmcm_adv/CLKOUT2
                         net (fo=1, routed)           0.576     2.670    clk_pwm
    BUFGCTRL_X0Y1        BUFG (Prop_bufg_I_O)         0.029     2.699 r  clk_pwm_BUFG_inst/O
                         net (fo=210, routed)         0.911     3.610    buffered_pwm/input_buffer/clk_pwm_BUFG
    SLICE_X107Y48        FDRE                                         r  buffered_pwm/input_buffer/wr_ptr_gray_rd1_reg[4]/C
                         clock pessimism             -0.518     3.092    
                         clock uncertainty            0.196     3.288    
    SLICE_X107Y48        FDRE (Hold_fdre_C_D)         0.070     3.358    buffered_pwm/input_buffer/wr_ptr_gray_rd1_reg[4]
  -------------------------------------------------------------------
                         required time                         -3.358    
                         arrival time                           3.538    
  -------------------------------------------------------------------
                         slack                                  0.180    





---------------------------------------------------------------------------------------------------
Path Group:  **async_default**
From Clock:  clk
  To Clock:  clk

Setup :            0  Failing Endpoints,  Worst Slack       15.927ns,  Total Violation        0.000ns
Hold  :            0  Failing Endpoints,  Worst Slack        0.236ns,  Total Violation        0.000ns
---------------------------------------------------------------------------------------------------


Max Delay Paths
--------------------------------------------------------------------------------------
Slack (MET) :             15.927ns  (required time - arrival time)
  Source:                 rst_shreg_reg[2]/C
                            (rising edge-triggered cell FDSE clocked by clk  {rise@0.000ns fall@10.000ns period=20.000ns})
  Destination:            buffered_pwm/dec_sine/data_out_reg[4]/CLR
                            (recovery check against rising-edge clock clk  {rise@0.000ns fall@10.000ns period=20.000ns})
  Path Group:             **async_default**
  Path Type:              Recovery (Max at Slow Process Corner)
  Requirement:            20.000ns  (clk rise@20.000ns - clk rise@0.000ns)
  Data Path Delay:        3.495ns  (logic 0.518ns (14.820%)  route 2.977ns (85.180%))
  Logic Levels:           0  
  Clock Path Skew:        -0.140ns (DCD - SCD + CPR)
    Destination Clock Delay (DCD):    8.612ns = ( 28.612 - 20.000 ) 
    Source Clock Delay      (SCD):    9.518ns
    Clock Pessimism Removal (CPR):    0.766ns
  Clock Uncertainty:      0.076ns  ((TSJ^2 + DJ^2)^1/2) / 2 + PE
    Total System Jitter     (TSJ):    0.071ns
    Discrete Jitter          (DJ):    0.135ns
    Phase Error              (PE):    0.000ns

    Location             Delay type                Incr(ns)  Path(ns)    Netlist Resource(s)
  -------------------------------------------------------------------    -------------------
                         (clock clk rise edge)        0.000     0.000 r  
    N18                                               0.000     0.000 r  sys_clk (IN)
                         net (fo=0)                   0.000     0.000    sys_clk
    N18                  IBUF (Prop_ibuf_I_O)         1.461     1.461 r  sys_clk_ibuffer/O
                         net (fo=1, routed)           2.205     3.666    obuf_clk
    BUFGCTRL_X0Y16       BUFG (Prop_bufg_I_O)         0.101     3.767 r  clk_gbuffer/O
                         net (fo=2, routed)           1.806     5.573    gobuf_clk
    MMCME2_ADV_X1Y0      MMCME2_ADV (Prop_mmcme2_adv_CLKIN1_CLKOUT1)
                                                      0.088     5.661 r  mmcm_adv/CLKOUT1
                         net (fo=1, routed)           1.889     7.550    clk
    BUFGCTRL_X0Y0        BUFG (Prop_bufg_I_O)         0.101     7.651 r  clk_BUFG_inst/O
                         net (fo=253, routed)         1.867     9.518    clk_BUFG
    SLICE_X112Y57        FDSE                                         r  rst_shreg_reg[2]/C
  -------------------------------------------------------------------    -------------------
    SLICE_X112Y57        FDSE (Prop_fdse_C_Q)         0.518    10.036 f  rst_shreg_reg[2]/Q
                         net (fo=210, routed)         2.977    13.014    buffered_pwm/dec_sine/Q[0]
    SLICE_X104Y50        FDCE                                         f  buffered_pwm/dec_sine/data_out_reg[4]/CLR
  -------------------------------------------------------------------    -------------------

                         (clock clk rise edge)       20.000    20.000 r  
    N18                                               0.000    20.000 r  sys_clk (IN)
                         net (fo=0)                   0.000    20.000    sys_clk
    N18                  IBUF (Prop_ibuf_I_O)         1.391    21.391 r  sys_clk_ibuffer/O
                         net (fo=1, routed)           2.006    23.397    obuf_clk
    BUFGCTRL_X0Y16       BUFG (Prop_bufg_I_O)         0.091    23.488 r  clk_gbuffer/O
                         net (fo=2, routed)           1.612    25.100    gobuf_clk
    MMCME2_ADV_X1Y0      MMCME2_ADV (Prop_mmcme2_adv_CLKIN1_CLKOUT1)
                                                      0.083    25.183 r  mmcm_adv/CLKOUT1
                         net (fo=1, routed)           1.725    26.908    clk
    BUFGCTRL_X0Y0        BUFG (Prop_bufg_I_O)         0.091    26.999 r  clk_BUFG_inst/O
                         net (fo=253, routed)         1.613    28.612    buffered_pwm/dec_sine/clk_BUFG
    SLICE_X104Y50        FDCE                                         r  buffered_pwm/dec_sine/data_out_reg[4]/C
                         clock pessimism              0.766    29.378    
                         clock uncertainty           -0.076    29.302    
    SLICE_X104Y50        FDCE (Recov_fdce_C_CLR)     -0.361    28.941    buffered_pwm/dec_sine/data_out_reg[4]
  -------------------------------------------------------------------
                         required time                         28.941    
                         arrival time                         -13.014    
  -------------------------------------------------------------------
                         slack                                 15.927    





Min Delay Paths
--------------------------------------------------------------------------------------
Slack (MET) :             0.236ns  (arrival time - required time)
  Source:                 rst_shreg_reg[2]/C
                            (rising edge-triggered cell FDSE clocked by clk  {rise@0.000ns fall@10.000ns period=20.000ns})
  Destination:            dut_sine/index_reg[6]/CLR
                            (removal check against rising-edge clock clk  {rise@0.000ns fall@10.000ns period=20.000ns})
  Path Group:             **async_default**
  Path Type:              Removal (Min at Fast Process Corner)
  Requirement:            0.000ns  (clk rise@0.000ns - clk rise@0.000ns)
  Data Path Delay:        0.444ns  (logic 0.164ns (36.930%)  route 0.280ns (63.070%))
  Logic Levels:           0  
  Clock Path Skew:        0.275ns (DCD - SCD - CPR)
    Destination Clock Delay (DCD):    3.611ns
    Source Clock Delay      (SCD):    2.768ns
    Clock Pessimism Removal (CPR):    0.568ns

    Location             Delay type                Incr(ns)  Path(ns)    Netlist Resource(s)
  -------------------------------------------------------------------    -------------------
                         (clock clk rise edge)        0.000     0.000 r  
    N18                                               0.000     0.000 r  sys_clk (IN)
                         net (fo=0)                   0.000     0.000    sys_clk
    N18                  IBUF (Prop_ibuf_I_O)         0.229     0.229 r  sys_clk_ibuffer/O
                         net (fo=1, routed)           0.674     0.903    obuf_clk
    BUFGCTRL_X0Y16       BUFG (Prop_bufg_I_O)         0.026     0.929 r  clk_gbuffer/O
                         net (fo=2, routed)           0.597     1.526    gobuf_clk
    MMCME2_ADV_X1Y0      MMCME2_ADV (Prop_mmcme2_adv_CLKIN1_CLKOUT1)
                                                      0.050     1.576 r  mmcm_adv/CLKOUT1
                         net (fo=1, routed)           0.529     2.105    clk
    BUFGCTRL_X0Y0        BUFG (Prop_bufg_I_O)         0.026     2.131 r  clk_BUFG_inst/O
                         net (fo=253, routed)         0.637     2.768    clk_BUFG
    SLICE_X112Y57        FDSE                                         r  rst_shreg_reg[2]/C
  -------------------------------------------------------------------    -------------------
    SLICE_X112Y57        FDSE (Prop_fdse_C_Q)         0.164     2.932 f  rst_shreg_reg[2]/Q
                         net (fo=210, routed)         0.280     3.212    dut_sine/Q[0]
    SLICE_X112Y49        FDCE                                         f  dut_sine/index_reg[6]/CLR
  -------------------------------------------------------------------    -------------------

                         (clock clk rise edge)        0.000     0.000 r  
    N18                                               0.000     0.000 r  sys_clk (IN)
                         net (fo=0)                   0.000     0.000    sys_clk
    N18                  IBUF (Prop_ibuf_I_O)         0.417     0.417 r  sys_clk_ibuffer/O
                         net (fo=1, routed)           0.731     1.148    obuf_clk
    BUFGCTRL_X0Y16       BUFG (Prop_bufg_I_O)         0.029     1.177 r  clk_gbuffer/O
                         net (fo=2, routed)           0.864     2.041    gobuf_clk
    MMCME2_ADV_X1Y0      MMCME2_ADV (Prop_mmcme2_adv_CLKIN1_CLKOUT1)
                                                      0.053     2.094 r  mmcm_adv/CLKOUT1
                         net (fo=1, routed)           0.576     2.670    clk
    BUFGCTRL_X0Y0        BUFG (Prop_bufg_I_O)         0.029     2.699 r  clk_BUFG_inst/O
                         net (fo=253, routed)         0.912     3.611    dut_sine/clk_BUFG
    SLICE_X112Y49        FDCE                                         r  dut_sine/index_reg[6]/C
                         clock pessimism             -0.568     3.043    
    SLICE_X112Y49        FDCE (Remov_fdce_C_CLR)     -0.067     2.976    dut_sine/index_reg[6]
  -------------------------------------------------------------------
                         required time                         -2.976    
                         arrival time                           3.212    
  -------------------------------------------------------------------
                         slack                                  0.236    





---------------------------------------------------------------------------------------------------
Path Group:  **async_default**
From Clock:  clk_pwm
  To Clock:  clk_pwm

Setup :            0  Failing Endpoints,  Worst Slack        6.491ns,  Total Violation        0.000ns
Hold  :            0  Failing Endpoints,  Worst Slack        1.147ns,  Total Violation        0.000ns
---------------------------------------------------------------------------------------------------


Max Delay Paths
--------------------------------------------------------------------------------------
Slack (MET) :             6.491ns  (required time - arrival time)
  Source:                 buffered_pwm/rst_pwm_reg__0/C
                            (rising edge-triggered cell FDRE clocked by clk_pwm  {rise@0.000ns fall@5.000ns period=10.000ns})
  Destination:            buffered_pwm/channels_gen[0].pwm_ich/set_scaler_type_signed.rsc/output_data_reg[0]/CLR
                            (recovery check against rising-edge clock clk_pwm  {rise@0.000ns fall@5.000ns period=10.000ns})
  Path Group:             **async_default**
  Path Type:              Recovery (Max at Slow Process Corner)
  Requirement:            10.000ns  (clk_pwm rise@10.000ns - clk_pwm rise@0.000ns)
  Data Path Delay:        2.768ns  (logic 0.518ns (18.712%)  route 2.250ns (81.288%))
  Logic Levels:           0  
  Clock Path Skew:        -0.267ns (DCD - SCD + CPR)
    Destination Clock Delay (DCD):    8.611ns = ( 18.611 - 10.000 ) 
    Source Clock Delay      (SCD):    9.530ns
    Clock Pessimism Removal (CPR):    0.652ns
  Clock Uncertainty:      0.069ns  ((TSJ^2 + DJ^2)^1/2) / 2 + PE
    Total System Jitter     (TSJ):    0.071ns
    Discrete Jitter          (DJ):    0.118ns
    Phase Error              (PE):    0.000ns

    Location             Delay type                Incr(ns)  Path(ns)    Netlist Resource(s)
  -------------------------------------------------------------------    -------------------
                         (clock clk_pwm rise edge)    0.000     0.000 r  
    N18                                               0.000     0.000 r  sys_clk (IN)
                         net (fo=0)                   0.000     0.000    sys_clk
    N18                  IBUF (Prop_ibuf_I_O)         1.461     1.461 r  sys_clk_ibuffer/O
                         net (fo=1, routed)           2.205     3.666    obuf_clk
    BUFGCTRL_X0Y16       BUFG (Prop_bufg_I_O)         0.101     3.767 r  clk_gbuffer/O
                         net (fo=2, routed)           1.806     5.573    gobuf_clk
    MMCME2_ADV_X1Y0      MMCME2_ADV (Prop_mmcme2_adv_CLKIN1_CLKOUT2)
                                                      0.088     5.661 r  mmcm_adv/CLKOUT2
                         net (fo=1, routed)           1.889     7.550    clk_pwm
    BUFGCTRL_X0Y1        BUFG (Prop_bufg_I_O)         0.101     7.651 r  clk_pwm_BUFG_inst/O
                         net (fo=210, routed)         1.879     9.530    buffered_pwm/clk_pwm_BUFG
    SLICE_X108Y47        FDRE                                         r  buffered_pwm/rst_pwm_reg__0/C
  -------------------------------------------------------------------    -------------------
    SLICE_X108Y47        FDRE (Prop_fdre_C_Q)         0.518    10.048 f  buffered_pwm/rst_pwm_reg__0/Q
                         net (fo=167, routed)         2.250    12.298    buffered_pwm/channels_gen[0].pwm_ich/set_scaler_type_signed.rsc/output_data_reg[5]_1
    SLICE_X103Y56        FDCE                                         f  buffered_pwm/channels_gen[0].pwm_ich/set_scaler_type_signed.rsc/output_data_reg[0]/CLR
  -------------------------------------------------------------------    -------------------

                         (clock clk_pwm rise edge)   10.000    10.000 r  
    N18                                               0.000    10.000 r  sys_clk (IN)
                         net (fo=0)                   0.000    10.000    sys_clk
    N18                  IBUF (Prop_ibuf_I_O)         1.391    11.391 r  sys_clk_ibuffer/O
                         net (fo=1, routed)           2.006    13.397    obuf_clk
    BUFGCTRL_X0Y16       BUFG (Prop_bufg_I_O)         0.091    13.488 r  clk_gbuffer/O
                         net (fo=2, routed)           1.612    15.100    gobuf_clk
    MMCME2_ADV_X1Y0      MMCME2_ADV (Prop_mmcme2_adv_CLKIN1_CLKOUT2)
                                                      0.083    15.183 r  mmcm_adv/CLKOUT2
                         net (fo=1, routed)           1.725    16.908    clk_pwm
    BUFGCTRL_X0Y1        BUFG (Prop_bufg_I_O)         0.091    16.999 r  clk_pwm_BUFG_inst/O
                         net (fo=210, routed)         1.612    18.611    buffered_pwm/channels_gen[0].pwm_ich/set_scaler_type_signed.rsc/clk_pwm_BUFG
    SLICE_X103Y56        FDCE                                         r  buffered_pwm/channels_gen[0].pwm_ich/set_scaler_type_signed.rsc/output_data_reg[0]/C
                         clock pessimism              0.652    19.263    
                         clock uncertainty           -0.069    19.194    
    SLICE_X103Y56        FDCE (Recov_fdce_C_CLR)     -0.405    18.789    buffered_pwm/channels_gen[0].pwm_ich/set_scaler_type_signed.rsc/output_data_reg[0]
  -------------------------------------------------------------------
                         required time                         18.789    
                         arrival time                         -12.298    
  -------------------------------------------------------------------
                         slack                                  6.491    





Min Delay Paths
--------------------------------------------------------------------------------------
Slack (MET) :             1.147ns  (arrival time - required time)
  Source:                 buffered_pwm/rst_pwm_reg__0/C
                            (rising edge-triggered cell FDRE clocked by clk_pwm  {rise@0.000ns fall@5.000ns period=10.000ns})
  Destination:            buffered_pwm/channels_gen[0].pwm_ich/set_scaler_type_signed.rsc/output_data_reg[0]/CLR
                            (removal check against rising-edge clock clk_pwm  {rise@0.000ns fall@5.000ns period=10.000ns})
  Path Group:             **async_default**
  Path Type:              Removal (Min at Fast Process Corner)
  Requirement:            0.000ns  (clk_pwm rise@0.000ns - clk_pwm rise@0.000ns)
  Data Path Delay:        1.295ns  (logic 0.164ns (12.662%)  route 1.131ns (87.338%))
  Logic Levels:           0  
  Clock Path Skew:        0.240ns (DCD - SCD - CPR)
    Destination Clock Delay (DCD):    3.579ns
    Source Clock Delay      (SCD):    2.770ns
    Clock Pessimism Removal (CPR):    0.568ns

    Location             Delay type                Incr(ns)  Path(ns)    Netlist Resource(s)
  -------------------------------------------------------------------    -------------------
                         (clock clk_pwm rise edge)    0.000     0.000 r  
    N18                                               0.000     0.000 r  sys_clk (IN)
                         net (fo=0)                   0.000     0.000    sys_clk
    N18                  IBUF (Prop_ibuf_I_O)         0.229     0.229 r  sys_clk_ibuffer/O
                         net (fo=1, routed)           0.674     0.903    obuf_clk
    BUFGCTRL_X0Y16       BUFG (Prop_bufg_I_O)         0.026     0.929 r  clk_gbuffer/O
                         net (fo=2, routed)           0.597     1.526    gobuf_clk
    MMCME2_ADV_X1Y0      MMCME2_ADV (Prop_mmcme2_adv_CLKIN1_CLKOUT2)
                                                      0.050     1.576 r  mmcm_adv/CLKOUT2
                         net (fo=1, routed)           0.529     2.105    clk_pwm
    BUFGCTRL_X0Y1        BUFG (Prop_bufg_I_O)         0.026     2.131 r  clk_pwm_BUFG_inst/O
                         net (fo=210, routed)         0.640     2.770    buffered_pwm/clk_pwm_BUFG
    SLICE_X108Y47        FDRE                                         r  buffered_pwm/rst_pwm_reg__0/C
  -------------------------------------------------------------------    -------------------
    SLICE_X108Y47        FDRE (Prop_fdre_C_Q)         0.164     2.934 f  buffered_pwm/rst_pwm_reg__0/Q
                         net (fo=167, routed)         1.131     4.066    buffered_pwm/channels_gen[0].pwm_ich/set_scaler_type_signed.rsc/output_data_reg[5]_1
    SLICE_X103Y56        FDCE                                         f  buffered_pwm/channels_gen[0].pwm_ich/set_scaler_type_signed.rsc/output_data_reg[0]/CLR
  -------------------------------------------------------------------    -------------------

                         (clock clk_pwm rise edge)    0.000     0.000 r  
    N18                                               0.000     0.000 r  sys_clk (IN)
                         net (fo=0)                   0.000     0.000    sys_clk
    N18                  IBUF (Prop_ibuf_I_O)         0.417     0.417 r  sys_clk_ibuffer/O
                         net (fo=1, routed)           0.731     1.148    obuf_clk
    BUFGCTRL_X0Y16       BUFG (Prop_bufg_I_O)         0.029     1.177 r  clk_gbuffer/O
                         net (fo=2, routed)           0.864     2.041    gobuf_clk
    MMCME2_ADV_X1Y0      MMCME2_ADV (Prop_mmcme2_adv_CLKIN1_CLKOUT2)
                                                      0.053     2.094 r  mmcm_adv/CLKOUT2
                         net (fo=1, routed)           0.576     2.670    clk_pwm
    BUFGCTRL_X0Y1        BUFG (Prop_bufg_I_O)         0.029     2.699 r  clk_pwm_BUFG_inst/O
                         net (fo=210, routed)         0.880     3.579    buffered_pwm/channels_gen[0].pwm_ich/set_scaler_type_signed.rsc/clk_pwm_BUFG
    SLICE_X103Y56        FDCE                                         r  buffered_pwm/channels_gen[0].pwm_ich/set_scaler_type_signed.rsc/output_data_reg[0]/C
                         clock pessimism             -0.568     3.011    
    SLICE_X103Y56        FDCE (Remov_fdce_C_CLR)     -0.092     2.919    buffered_pwm/channels_gen[0].pwm_ich/set_scaler_type_signed.rsc/output_data_reg[0]
  -------------------------------------------------------------------
                         required time                         -2.919    
                         arrival time                           4.066    
  -------------------------------------------------------------------
                         slack                                  1.147    





