Copyright 1986-2018 Xilinx, Inc. All Rights Reserved.
---------------------------------------------------------------------------------------------------------------------------------------------------------------------------------
| Tool Version : Vivado v.2018.3 (win64) Build 2405991 Thu Dec  6 23:38:27 MST 2018
| Date         : Wed Jun  3 13:22:03 2026
| Host         : KOMPUTER running 64-bit major release  (build 9200)
| Command      : report_timing_summary -file C:/Users/user/VivadoProjects/2018-3/pwm_demo/bit/zybo-zynq-nc4-dw6-dt4-buf1024-wl2048-signed-symmetrical-rs1-ru1_timing_summary.rpt
| Design       : main
| Device       : 7z010-clg400
| Speed File   : -1  PRODUCTION 1.11 2014-09-11
---------------------------------------------------------------------------------------------------------------------------------------------------------------------------------

Timing Summary Report

------------------------------------------------------------------------------------------------
| Timer Settings
| --------------
------------------------------------------------------------------------------------------------

  Enable Multi Corner Analysis               :  Yes
  Enable Pessimism Removal                   :  Yes
  Pessimism Removal Resolution               :  Nearest Common Node
  Enable Input Delay Default Clock           :  No
  Enable Preset / Clear Arcs                 :  No
  Disable Flight Delays                      :  No
  Ignore I/O Paths                           :  No
  Timing Early Launch at Borrowing Latches   :  false

  Corner  Analyze    Analyze    
  Name    Max Paths  Min Paths  
  ------  ---------  ---------  
  Slow    Yes        Yes        
  Fast    Yes        Yes        



check_timing report

Table of Contents
-----------------
1. checking no_clock
2. checking constant_clock
3. checking pulse_width_clock
4. checking unconstrained_internal_endpoints
5. checking no_input_delay
6. checking no_output_delay
7. checking multiple_clock
8. checking generated_clocks
9. checking loops
10. checking partial_input_delay
11. checking partial_output_delay
12. checking latch_loops

1. checking no_clock
--------------------
 There are 0 register/latch pins with no clock.


2. checking constant_clock
--------------------------
 There are 0 register/latch pins with constant_clock.


3. checking pulse_width_clock
-----------------------------
 There are 0 register/latch pins which need pulse_width check


4. checking unconstrained_internal_endpoints
--------------------------------------------
 There are 0 pins that are not constrained for maximum delay.

 There are 0 pins that are not constrained for maximum delay due to constant clock.


5. checking no_input_delay
--------------------------
 There are 0 input ports with no input delay specified.

 There are 2 input ports with no input delay but user has a false path constraint. (MEDIUM)


6. checking no_output_delay
---------------------------
 There are 0 ports with no output delay specified.

 There are 8 ports with no output delay but user has a false path constraint (MEDIUM)

 There are 0 ports with no output delay but with a timing clock defined on it or propagating through it


7. checking multiple_clock
--------------------------
 There are 0 register/latch pins with multiple clocks.


8. checking generated_clocks
----------------------------
 There are 0 generated clocks that are not connected to a clock source.


9. checking loops
-----------------
 There are 0 combinational loops in the design.


10. checking partial_input_delay
--------------------------------
 There are 0 input ports with partial input delay specified.


11. checking partial_output_delay
---------------------------------
 There are 0 ports with partial output delay specified.


12. checking latch_loops
------------------------
 There are 0 combinational latch loops in the design through latch input



------------------------------------------------------------------------------------------------
| Design Timing Summary
| ---------------------
------------------------------------------------------------------------------------------------

    WNS(ns)      TNS(ns)  TNS Failing Endpoints  TNS Total Endpoints      WHS(ns)      THS(ns)  THS Failing Endpoints  THS Total Endpoints     WPWS(ns)     TPWS(ns)  TPWS Failing Endpoints  TPWS Total Endpoints  
    -------      -------  ---------------------  -------------------      -------      -------  ---------------------  -------------------     --------     --------  ----------------------  --------------------  
      4.697        0.000                      0                 1094        0.099        0.000                      0                 1094        3.000        0.000                       0                   472  


All user specified timing constraints are met.


------------------------------------------------------------------------------------------------
| Clock Summary
| -------------
------------------------------------------------------------------------------------------------

Clock         Waveform(ns)       Period(ns)      Frequency(MHz)
-----         ------------       ----------      --------------
sys_clk_pin   {0.000 5.000}      10.000          100.000         
  clk         {0.000 10.000}     20.000          50.000          
  clk_pwm     {0.000 5.000}      10.000          100.000         
  mmcm_fb_in  {0.000 5.000}      10.000          100.000         


------------------------------------------------------------------------------------------------
| Intra Clock Table
| -----------------
------------------------------------------------------------------------------------------------

Clock             WNS(ns)      TNS(ns)  TNS Failing Endpoints  TNS Total Endpoints      WHS(ns)      THS(ns)  THS Failing Endpoints  THS Total Endpoints     WPWS(ns)     TPWS(ns)  TPWS Failing Endpoints  TPWS Total Endpoints  
-----             -------      -------  ---------------------  -------------------      -------      -------  ---------------------  -------------------     --------     --------  ----------------------  --------------------  
sys_clk_pin                                                                                                                                                     3.000        0.000                       0                     3  
  clk              14.599        0.000                      0                  525        0.099        0.000                      0                  525        9.500        0.000                       0                   255  
  clk_pwm           4.697        0.000                      0                  493        0.124        0.000                      0                  493        4.020        0.000                       0                   212  
  mmcm_fb_in                                                                                                                                                    8.751        0.000                       0                     2  


------------------------------------------------------------------------------------------------
| Inter Clock Table
| -----------------
------------------------------------------------------------------------------------------------

From Clock    To Clock          WNS(ns)      TNS(ns)  TNS Failing Endpoints  TNS Total Endpoints      WHS(ns)      THS(ns)  THS Failing Endpoints  THS Total Endpoints  
----------    --------          -------      -------  ---------------------  -------------------      -------      -------  ---------------------  -------------------  
clk_pwm       clk                 7.071        0.000                      0                   11        0.175        0.000                      0                   11  
clk           clk_pwm             6.384        0.000                      0                   12        0.191        0.000                      0                   12  


------------------------------------------------------------------------------------------------
| Other Path Groups Table
| -----------------------
------------------------------------------------------------------------------------------------

Path Group         From Clock         To Clock               WNS(ns)      TNS(ns)  TNS Failing Endpoints  TNS Total Endpoints      WHS(ns)      THS(ns)  THS Failing Endpoints  THS Total Endpoints  
----------         ----------         --------               -------      -------  ---------------------  -------------------      -------      -------  ---------------------  -------------------  
**async_default**  clk                clk                     16.912        0.000                      0                   47        0.655        0.000                      0                   47  
**async_default**  clk_pwm            clk_pwm                  7.555        0.000                      0                    6        0.813        0.000                      0                    6  


------------------------------------------------------------------------------------------------
| Timing Details
| --------------
------------------------------------------------------------------------------------------------


---------------------------------------------------------------------------------------------------
From Clock:  sys_clk_pin
  To Clock:  sys_clk_pin

Setup :           NA  Failing Endpoints,  Worst Slack           NA  ,  Total Violation           NA
Hold  :           NA  Failing Endpoints,  Worst Slack           NA  ,  Total Violation           NA
PW    :            0  Failing Endpoints,  Worst Slack        3.000ns,  Total Violation        0.000ns
---------------------------------------------------------------------------------------------------


Pulse Width Checks
--------------------------------------------------------------------------------------
Clock Name:         sys_clk_pin
Waveform(ns):       { 0.000 5.000 }
Period(ns):         10.000
Sources:            { sys_clk }

Check Type        Corner  Lib Pin            Reference Pin  Required(ns)  Actual(ns)  Slack(ns)  Location         Pin
Min Period        n/a     BUFG/I             n/a            2.155         10.000      7.845      BUFGCTRL_X0Y16   clk_gbuffer/I
Max Period        n/a     MMCME2_ADV/CLKIN1  n/a            100.000       10.000      90.000     MMCME2_ADV_X0Y0  mmcm_adv/CLKIN1
Low Pulse Width   Slow    MMCME2_ADV/CLKIN1  n/a            2.000         5.000       3.000      MMCME2_ADV_X0Y0  mmcm_adv/CLKIN1
High Pulse Width  Fast    MMCME2_ADV/CLKIN1  n/a            2.000         5.000       3.000      MMCME2_ADV_X0Y0  mmcm_adv/CLKIN1



---------------------------------------------------------------------------------------------------
From Clock:  clk
  To Clock:  clk

Setup :            0  Failing Endpoints,  Worst Slack       14.599ns,  Total Violation        0.000ns
Hold  :            0  Failing Endpoints,  Worst Slack        0.099ns,  Total Violation        0.000ns
PW    :            0  Failing Endpoints,  Worst Slack        9.500ns,  Total Violation        0.000ns
---------------------------------------------------------------------------------------------------


Max Delay Paths
--------------------------------------------------------------------------------------
Slack (MET) :             14.599ns  (required time - arrival time)
  Source:                 dut_sine/index_reg_rep[2]/C
                            (rising edge-triggered cell FDCE clocked by clk  {rise@0.000ns fall@10.000ns period=20.000ns})
  Destination:            dut_sine/output_data_reg[0]/D
                            (rising edge-triggered cell FDCE clocked by clk  {rise@0.000ns fall@10.000ns period=20.000ns})
  Path Group:             clk
  Path Type:              Setup (Max at Slow Process Corner)
  Requirement:            20.000ns  (clk rise@20.000ns - clk rise@0.000ns)
  Data Path Delay:        5.292ns  (logic 1.592ns (30.084%)  route 3.700ns (69.916%))
  Logic Levels:           4  (LUT3=1 LUT5=1 LUT6=1 MUXF7=1)
  Clock Path Skew:        -0.064ns (DCD - SCD + CPR)
    Destination Clock Delay (DCD):    8.230ns = ( 28.230 - 20.000 ) 
    Source Clock Delay      (SCD):    9.050ns
    Clock Pessimism Removal (CPR):    0.757ns
  Clock Uncertainty:      0.076ns  ((TSJ^2 + DJ^2)^1/2) / 2 + PE
    Total System Jitter     (TSJ):    0.071ns
    Discrete Jitter          (DJ):    0.135ns
    Phase Error              (PE):    0.000ns

    Location             Delay type                Incr(ns)  Path(ns)    Netlist Resource(s)
  -------------------------------------------------------------------    -------------------
                         (clock clk rise edge)        0.000     0.000 r  
    L16                                               0.000     0.000 r  sys_clk (IN)
                         net (fo=0)                   0.000     0.000    sys_clk
    L16                  IBUF (Prop_ibuf_I_O)         1.491     1.491 r  sys_clk_ibuffer/O
                         net (fo=1, routed)           2.076     3.567    obuf_clk
    BUFGCTRL_X0Y16       BUFG (Prop_bufg_I_O)         0.101     3.668 r  clk_gbuffer/O
                         net (fo=2, routed)           1.680     5.348    gobuf_clk
    MMCME2_ADV_X0Y0      MMCME2_ADV (Prop_mmcme2_adv_CLKIN1_CLKOUT1)
                                                      0.088     5.436 r  mmcm_adv/CLKOUT1
                         net (fo=1, routed)           1.760     7.196    clk
    BUFGCTRL_X0Y0        BUFG (Prop_bufg_I_O)         0.101     7.297 r  clk_BUFG_inst/O
                         net (fo=253, routed)         1.753     9.050    dut_sine/clk_BUFG
    SLICE_X40Y8          FDCE                                         r  dut_sine/index_reg_rep[2]/C
  -------------------------------------------------------------------    -------------------
    SLICE_X40Y8          FDCE (Prop_fdce_C_Q)         0.419     9.469 f  dut_sine/index_reg_rep[2]/Q
                         net (fo=64, routed)          2.045    11.515    dut_sine/index_reg_rep_n_0_[2]
    SLICE_X38Y10         LUT5 (Prop_lut5_I0_O)        0.326    11.841 r  dut_sine/output_data[4]_i_4/O
                         net (fo=4, routed)           1.221    13.062    dut_sine/output_data[4]_i_4_n_0
    SLICE_X37Y8          LUT6 (Prop_lut6_I4_O)        0.331    13.393 r  dut_sine/output_data[0]_i_5/O
                         net (fo=1, routed)           0.000    13.393    dut_sine/output_data[0]_i_5_n_0
    SLICE_X37Y8          MUXF7 (Prop_muxf7_I1_O)      0.217    13.610 r  dut_sine/output_data_reg[0]_i_2/O
                         net (fo=1, routed)           0.433    14.043    dut_sine/output_data_reg[0]_i_2_n_0
    SLICE_X37Y8          LUT3 (Prop_lut3_I1_O)        0.299    14.342 r  dut_sine/output_data[0]_i_1/O
                         net (fo=1, routed)           0.000    14.342    dut_sine/output_data[0]_i_1_n_0
    SLICE_X37Y8          FDCE                                         r  dut_sine/output_data_reg[0]/D
  -------------------------------------------------------------------    -------------------

                         (clock clk rise edge)       20.000    20.000 r  
    L16                                               0.000    20.000 r  sys_clk (IN)
                         net (fo=0)                   0.000    20.000    sys_clk
    L16                  IBUF (Prop_ibuf_I_O)         1.421    21.421 r  sys_clk_ibuffer/O
                         net (fo=1, routed)           1.880    23.301    obuf_clk
    BUFGCTRL_X0Y16       BUFG (Prop_bufg_I_O)         0.091    23.392 r  clk_gbuffer/O
                         net (fo=2, routed)           1.490    24.882    gobuf_clk
    MMCME2_ADV_X0Y0      MMCME2_ADV (Prop_mmcme2_adv_CLKIN1_CLKOUT1)
                                                      0.083    24.965 r  mmcm_adv/CLKOUT1
                         net (fo=1, routed)           1.599    26.564    clk
    BUFGCTRL_X0Y0        BUFG (Prop_bufg_I_O)         0.091    26.655 r  clk_BUFG_inst/O
                         net (fo=253, routed)         1.574    28.230    dut_sine/clk_BUFG
    SLICE_X37Y8          FDCE                                         r  dut_sine/output_data_reg[0]/C
                         clock pessimism              0.757    28.986    
                         clock uncertainty           -0.076    28.910    
    SLICE_X37Y8          FDCE (Setup_fdce_C_D)        0.031    28.941    dut_sine/output_data_reg[0]
  -------------------------------------------------------------------
                         required time                         28.941    
                         arrival time                         -14.342    
  -------------------------------------------------------------------
                         slack                                 14.599    





Min Delay Paths
--------------------------------------------------------------------------------------
Slack (MET) :             0.099ns  (arrival time - required time)
  Source:                 buffered_pwm/buf_input_reg[4]/C
                            (rising edge-triggered cell FDRE clocked by clk  {rise@0.000ns fall@10.000ns period=20.000ns})
  Destination:            buffered_pwm/input_buffer/memory_reg/DIADI[4]
                            (rising edge-triggered cell RAMB18E1 clocked by clk  {rise@0.000ns fall@10.000ns period=20.000ns})
  Path Group:             clk
  Path Type:              Hold (Min at Fast Process Corner)
  Requirement:            0.000ns  (clk rise@0.000ns - clk rise@0.000ns)
  Data Path Delay:        0.392ns  (logic 0.128ns (32.633%)  route 0.264ns (67.367%))
  Logic Levels:           0  
  Clock Path Skew:        0.051ns (DCD - SCD - CPR)
    Destination Clock Delay (DCD):    3.456ns
    Source Clock Delay      (SCD):    2.606ns
    Clock Pessimism Removal (CPR):    0.799ns

    Location             Delay type                Incr(ns)  Path(ns)    Netlist Resource(s)
  -------------------------------------------------------------------    -------------------
                         (clock clk rise edge)        0.000     0.000 r  
    L16                                               0.000     0.000 r  sys_clk (IN)
                         net (fo=0)                   0.000     0.000    sys_clk
    L16                  IBUF (Prop_ibuf_I_O)         0.259     0.259 r  sys_clk_ibuffer/O
                         net (fo=1, routed)           0.627     0.886    obuf_clk
    BUFGCTRL_X0Y16       BUFG (Prop_bufg_I_O)         0.026     0.912 r  clk_gbuffer/O
                         net (fo=2, routed)           0.548     1.460    gobuf_clk
    MMCME2_ADV_X0Y0      MMCME2_ADV (Prop_mmcme2_adv_CLKIN1_CLKOUT1)
                                                      0.050     1.510 r  mmcm_adv/CLKOUT1
                         net (fo=1, routed)           0.482     1.992    clk
    BUFGCTRL_X0Y0        BUFG (Prop_bufg_I_O)         0.026     2.018 r  clk_BUFG_inst/O
                         net (fo=253, routed)         0.589     2.606    buffered_pwm/clk_BUFG
    SLICE_X36Y7          FDRE                                         r  buffered_pwm/buf_input_reg[4]/C
  -------------------------------------------------------------------    -------------------
    SLICE_X36Y7          FDRE (Prop_fdre_C_Q)         0.128     2.734 r  buffered_pwm/buf_input_reg[4]/Q
                         net (fo=1, routed)           0.264     2.998    buffered_pwm/input_buffer/Q[4]
    RAMB18_X2Y2          RAMB18E1                                     r  buffered_pwm/input_buffer/memory_reg/DIADI[4]
  -------------------------------------------------------------------    -------------------

                         (clock clk rise edge)        0.000     0.000 r  
    L16                                               0.000     0.000 r  sys_clk (IN)
                         net (fo=0)                   0.000     0.000    sys_clk
    L16                  IBUF (Prop_ibuf_I_O)         0.447     0.447 r  sys_clk_ibuffer/O
                         net (fo=1, routed)           0.683     1.130    obuf_clk
    BUFGCTRL_X0Y16       BUFG (Prop_bufg_I_O)         0.029     1.159 r  clk_gbuffer/O
                         net (fo=2, routed)           0.814     1.973    gobuf_clk
    MMCME2_ADV_X0Y0      MMCME2_ADV (Prop_mmcme2_adv_CLKIN1_CLKOUT1)
                                                      0.053     2.026 r  mmcm_adv/CLKOUT1
                         net (fo=1, routed)           0.528     2.554    clk
    BUFGCTRL_X0Y0        BUFG (Prop_bufg_I_O)         0.029     2.583 r  clk_BUFG_inst/O
                         net (fo=253, routed)         0.873     3.456    buffered_pwm/input_buffer/clk_BUFG
    RAMB18_X2Y2          RAMB18E1                                     r  buffered_pwm/input_buffer/memory_reg/CLKARDCLK
                         clock pessimism             -0.799     2.658    
    RAMB18_X2Y2          RAMB18E1 (Hold_ramb18e1_CLKARDCLK_DIADI[4])
                                                      0.242     2.900    buffered_pwm/input_buffer/memory_reg
  -------------------------------------------------------------------
                         required time                         -2.900    
                         arrival time                           2.998    
  -------------------------------------------------------------------
                         slack                                  0.099    





Pulse Width Checks
--------------------------------------------------------------------------------------
Clock Name:         clk
Waveform(ns):       { 0.000 10.000 }
Period(ns):         20.000
Sources:            { mmcm_adv/CLKOUT1 }

Check Type        Corner  Lib Pin             Reference Pin  Required(ns)  Actual(ns)  Slack(ns)  Location         Pin
Min Period        n/a     RAMB18E1/CLKARDCLK  n/a            2.576         20.000      17.424     RAMB18_X2Y2      buffered_pwm/input_buffer/memory_reg/CLKARDCLK
Max Period        n/a     MMCME2_ADV/CLKOUT1  n/a            213.360       20.000      193.360    MMCME2_ADV_X0Y0  mmcm_adv/CLKOUT1
Low Pulse Width   Slow    FDRE/C              n/a            0.500         10.000      9.500      SLICE_X38Y15     direct_pwm/channels_gen[1].pwm_ich/dead_time_ctrl/dead_active_reg/C
High Pulse Width  Slow    FDRE/C              n/a            0.500         10.000      9.500      SLICE_X36Y7      buffered_pwm/buf_input_reg[0]/C



---------------------------------------------------------------------------------------------------
From Clock:  clk_pwm
  To Clock:  clk_pwm

Setup :            0  Failing Endpoints,  Worst Slack        4.697ns,  Total Violation        0.000ns
Hold  :            0  Failing Endpoints,  Worst Slack        0.124ns,  Total Violation        0.000ns
PW    :            0  Failing Endpoints,  Worst Slack        4.020ns,  Total Violation        0.000ns
---------------------------------------------------------------------------------------------------


Max Delay Paths
--------------------------------------------------------------------------------------
Slack (MET) :             4.697ns  (required time - arrival time)
  Source:                 buffered_pwm/input_buffer/wr_ptr_gray_rd2_reg[9]/C
                            (rising edge-triggered cell FDRE clocked by clk_pwm  {rise@0.000ns fall@5.000ns period=10.000ns})
  Destination:            buffered_pwm/input_buffer/empty_i_reg/D
                            (rising edge-triggered cell FDSE clocked by clk_pwm  {rise@0.000ns fall@5.000ns period=10.000ns})
  Path Group:             clk_pwm
  Path Type:              Setup (Max at Slow Process Corner)
  Requirement:            10.000ns  (clk_pwm rise@10.000ns - clk_pwm rise@0.000ns)
  Data Path Delay:        5.266ns  (logic 1.867ns (35.457%)  route 3.399ns (64.543%))
  Logic Levels:           5  (CARRY4=1 LUT3=1 LUT4=1 LUT5=1 LUT6=1)
  Clock Path Skew:        0.000ns (DCD - SCD + CPR)
    Destination Clock Delay (DCD):    8.231ns = ( 18.231 - 10.000 ) 
    Source Clock Delay      (SCD):    9.049ns
    Clock Pessimism Removal (CPR):    0.819ns
  Clock Uncertainty:      0.069ns  ((TSJ^2 + DJ^2)^1/2) / 2 + PE
    Total System Jitter     (TSJ):    0.071ns
    Discrete Jitter          (DJ):    0.118ns
    Phase Error              (PE):    0.000ns

    Location             Delay type                Incr(ns)  Path(ns)    Netlist Resource(s)
  -------------------------------------------------------------------    -------------------
                         (clock clk_pwm rise edge)    0.000     0.000 r  
    L16                                               0.000     0.000 r  sys_clk (IN)
                         net (fo=0)                   0.000     0.000    sys_clk
    L16                  IBUF (Prop_ibuf_I_O)         1.491     1.491 r  sys_clk_ibuffer/O
                         net (fo=1, routed)           2.076     3.567    obuf_clk
    BUFGCTRL_X0Y16       BUFG (Prop_bufg_I_O)         0.101     3.668 r  clk_gbuffer/O
                         net (fo=2, routed)           1.680     5.348    gobuf_clk
    MMCME2_ADV_X0Y0      MMCME2_ADV (Prop_mmcme2_adv_CLKIN1_CLKOUT2)
                                                      0.088     5.436 r  mmcm_adv/CLKOUT2
                         net (fo=1, routed)           1.760     7.196    clk_pwm
    BUFGCTRL_X0Y1        BUFG (Prop_bufg_I_O)         0.101     7.297 r  clk_pwm_BUFG_inst/O
                         net (fo=210, routed)         1.752     9.049    buffered_pwm/input_buffer/clk_pwm_BUFG
    SLICE_X39Y6          FDRE                                         r  buffered_pwm/input_buffer/wr_ptr_gray_rd2_reg[9]/C
  -------------------------------------------------------------------    -------------------
    SLICE_X39Y6          FDRE (Prop_fdre_C_Q)         0.419     9.468 r  buffered_pwm/input_buffer/wr_ptr_gray_rd2_reg[9]/Q
                         net (fo=7, routed)           1.136    10.605    buffered_pwm/input_buffer/wr_ptr_gray_rd2_reg_n_0_[9]
    SLICE_X40Y4          LUT5 (Prop_lut5_I2_O)        0.324    10.929 r  buffered_pwm/input_buffer/fifo_is_empty_carry_i_10/O
                         net (fo=3, routed)           0.484    11.412    buffered_pwm/input_buffer/fifo_is_empty_carry_i_10_n_0
    SLICE_X40Y4          LUT3 (Prop_lut3_I1_O)        0.326    11.738 r  buffered_pwm/input_buffer/i__carry_i_8/O
                         net (fo=1, routed)           0.589    12.327    buffered_pwm/input_buffer/i__carry_i_8_n_0
    SLICE_X39Y3          LUT6 (Prop_lut6_I5_O)        0.124    12.451 r  buffered_pwm/input_buffer/i__carry_i_3__1/O
                         net (fo=1, routed)           0.000    12.451    buffered_pwm/input_buffer/i__carry_i_3__1_n_0
    SLICE_X39Y3          CARRY4 (Prop_carry4_S[1]_CO[3])
                                                      0.550    13.001 r  buffered_pwm/input_buffer/fifo_is_empty_inferred__0/i__carry/CO[3]
                         net (fo=1, routed)           1.189    14.191    buffered_pwm/input_buffer/fifo_is_empty0_out
    SLICE_X39Y6          LUT4 (Prop_lut4_I0_O)        0.124    14.315 r  buffered_pwm/input_buffer/empty_i_i_1/O
                         net (fo=1, routed)           0.000    14.315    buffered_pwm/input_buffer/empty_i_i_1_n_0
    SLICE_X39Y6          FDSE                                         r  buffered_pwm/input_buffer/empty_i_reg/D
  -------------------------------------------------------------------    -------------------

                         (clock clk_pwm rise edge)   10.000    10.000 r  
    L16                                               0.000    10.000 r  sys_clk (IN)
                         net (fo=0)                   0.000    10.000    sys_clk
    L16                  IBUF (Prop_ibuf_I_O)         1.421    11.421 r  sys_clk_ibuffer/O
                         net (fo=1, routed)           1.880    13.301    obuf_clk
    BUFGCTRL_X0Y16       BUFG (Prop_bufg_I_O)         0.091    13.392 r  clk_gbuffer/O
                         net (fo=2, routed)           1.490    14.882    gobuf_clk
    MMCME2_ADV_X0Y0      MMCME2_ADV (Prop_mmcme2_adv_CLKIN1_CLKOUT2)
                                                      0.083    14.965 r  mmcm_adv/CLKOUT2
                         net (fo=1, routed)           1.599    16.564    clk_pwm
    BUFGCTRL_X0Y1        BUFG (Prop_bufg_I_O)         0.091    16.655 r  clk_pwm_BUFG_inst/O
                         net (fo=210, routed)         1.575    18.231    buffered_pwm/input_buffer/clk_pwm_BUFG
    SLICE_X39Y6          FDSE                                         r  buffered_pwm/input_buffer/empty_i_reg/C
                         clock pessimism              0.819    19.049    
                         clock uncertainty           -0.069    18.980    
    SLICE_X39Y6          FDSE (Setup_fdse_C_D)        0.031    19.011    buffered_pwm/input_buffer/empty_i_reg
  -------------------------------------------------------------------
                         required time                         19.011    
                         arrival time                         -14.315    
  -------------------------------------------------------------------
                         slack                                  4.697    





Min Delay Paths
--------------------------------------------------------------------------------------
Slack (MET) :             0.124ns  (arrival time - required time)
  Source:                 buffered_pwm/input_buffer/wr_ptr_gray_rd1_reg[7]/C
                            (rising edge-triggered cell FDRE clocked by clk_pwm  {rise@0.000ns fall@5.000ns period=10.000ns})
  Destination:            buffered_pwm/input_buffer/wr_ptr_gray_rd2_reg[7]/D
                            (rising edge-triggered cell FDRE clocked by clk_pwm  {rise@0.000ns fall@5.000ns period=10.000ns})
  Path Group:             clk_pwm
  Path Type:              Hold (Min at Fast Process Corner)
  Requirement:            0.000ns  (clk_pwm rise@0.000ns - clk_pwm rise@0.000ns)
  Data Path Delay:        0.200ns  (logic 0.141ns (70.589%)  route 0.059ns (29.411%))
  Logic Levels:           0  
  Clock Path Skew:        0.000ns (DCD - SCD - CPR)
    Destination Clock Delay (DCD):    3.444ns
    Source Clock Delay      (SCD):    2.609ns
    Clock Pessimism Removal (CPR):    0.835ns

    Location             Delay type                Incr(ns)  Path(ns)    Netlist Resource(s)
  -------------------------------------------------------------------    -------------------
                         (clock clk_pwm rise edge)    0.000     0.000 r  
    L16                                               0.000     0.000 r  sys_clk (IN)
                         net (fo=0)                   0.000     0.000    sys_clk
    L16                  IBUF (Prop_ibuf_I_O)         0.259     0.259 r  sys_clk_ibuffer/O
                         net (fo=1, routed)           0.627     0.886    obuf_clk
    BUFGCTRL_X0Y16       BUFG (Prop_bufg_I_O)         0.026     0.912 r  clk_gbuffer/O
                         net (fo=2, routed)           0.548     1.460    gobuf_clk
    MMCME2_ADV_X0Y0      MMCME2_ADV (Prop_mmcme2_adv_CLKIN1_CLKOUT2)
                                                      0.050     1.510 r  mmcm_adv/CLKOUT2
                         net (fo=1, routed)           0.482     1.992    clk_pwm
    BUFGCTRL_X0Y1        BUFG (Prop_bufg_I_O)         0.026     2.018 r  clk_pwm_BUFG_inst/O
                         net (fo=210, routed)         0.592     2.609    buffered_pwm/input_buffer/clk_pwm_BUFG
    SLICE_X40Y4          FDRE                                         r  buffered_pwm/input_buffer/wr_ptr_gray_rd1_reg[7]/C
  -------------------------------------------------------------------    -------------------
    SLICE_X40Y4          FDRE (Prop_fdre_C_Q)         0.141     2.750 r  buffered_pwm/input_buffer/wr_ptr_gray_rd1_reg[7]/Q
                         net (fo=1, routed)           0.059     2.809    buffered_pwm/input_buffer/wr_ptr_gray_rd1[7]
    SLICE_X40Y4          FDRE                                         r  buffered_pwm/input_buffer/wr_ptr_gray_rd2_reg[7]/D
  -------------------------------------------------------------------    -------------------

                         (clock clk_pwm rise edge)    0.000     0.000 r  
    L16                                               0.000     0.000 r  sys_clk (IN)
                         net (fo=0)                   0.000     0.000    sys_clk
    L16                  IBUF (Prop_ibuf_I_O)         0.447     0.447 r  sys_clk_ibuffer/O
                         net (fo=1, routed)           0.683     1.130    obuf_clk
    BUFGCTRL_X0Y16       BUFG (Prop_bufg_I_O)         0.029     1.159 r  clk_gbuffer/O
                         net (fo=2, routed)           0.814     1.973    gobuf_clk
    MMCME2_ADV_X0Y0      MMCME2_ADV (Prop_mmcme2_adv_CLKIN1_CLKOUT2)
                                                      0.053     2.026 r  mmcm_adv/CLKOUT2
                         net (fo=1, routed)           0.528     2.554    clk_pwm
    BUFGCTRL_X0Y1        BUFG (Prop_bufg_I_O)         0.029     2.583 r  clk_pwm_BUFG_inst/O
                         net (fo=210, routed)         0.861     3.444    buffered_pwm/input_buffer/clk_pwm_BUFG
    SLICE_X40Y4          FDRE                                         r  buffered_pwm/input_buffer/wr_ptr_gray_rd2_reg[7]/C
                         clock pessimism             -0.835     2.609    
    SLICE_X40Y4          FDRE (Hold_fdre_C_D)         0.076     2.685    buffered_pwm/input_buffer/wr_ptr_gray_rd2_reg[7]
  -------------------------------------------------------------------
                         required time                         -2.685    
                         arrival time                           2.809    
  -------------------------------------------------------------------
                         slack                                  0.124    





Pulse Width Checks
--------------------------------------------------------------------------------------
Clock Name:         clk_pwm
Waveform(ns):       { 0.000 5.000 }
Period(ns):         10.000
Sources:            { mmcm_adv/CLKOUT2 }

Check Type        Corner  Lib Pin             Reference Pin  Required(ns)  Actual(ns)  Slack(ns)  Location         Pin
Min Period        n/a     RAMB18E1/CLKBWRCLK  n/a            2.576         10.000      7.424      RAMB18_X2Y2      buffered_pwm/input_buffer/memory_reg/CLKBWRCLK
Max Period        n/a     MMCME2_ADV/CLKOUT2  n/a            213.360       10.000      203.360    MMCME2_ADV_X0Y0  mmcm_adv/CLKOUT2
Low Pulse Width   Fast    SRL16E/CLK          n/a            0.980         5.000       4.020      SLICE_X34Y6      buffered_pwm/rst_sync_reg[2]_srl3/CLK
High Pulse Width  Slow    SRL16E/CLK          n/a            0.980         5.000       4.020      SLICE_X34Y6      buffered_pwm/rst_sync_reg[2]_srl3/CLK



---------------------------------------------------------------------------------------------------
From Clock:  mmcm_fb_in
  To Clock:  mmcm_fb_in

Setup :           NA  Failing Endpoints,  Worst Slack           NA  ,  Total Violation           NA
Hold  :           NA  Failing Endpoints,  Worst Slack           NA  ,  Total Violation           NA
PW    :            0  Failing Endpoints,  Worst Slack        8.751ns,  Total Violation        0.000ns
---------------------------------------------------------------------------------------------------


Pulse Width Checks
--------------------------------------------------------------------------------------
Clock Name:         mmcm_fb_in
Waveform(ns):       { 0.000 5.000 }
Period(ns):         10.000
Sources:            { mmcm_adv/CLKFBOUT }

Check Type  Corner  Lib Pin              Reference Pin  Required(ns)  Actual(ns)  Slack(ns)  Location         Pin
Min Period  n/a     MMCME2_ADV/CLKFBOUT  n/a            1.249         10.000      8.751      MMCME2_ADV_X0Y0  mmcm_adv/CLKFBOUT
Max Period  n/a     MMCME2_ADV/CLKFBIN   n/a            100.000       10.000      90.000     MMCME2_ADV_X0Y0  mmcm_adv/CLKFBIN



---------------------------------------------------------------------------------------------------
From Clock:  clk_pwm
  To Clock:  clk

Setup :            0  Failing Endpoints,  Worst Slack        7.071ns,  Total Violation        0.000ns
Hold  :            0  Failing Endpoints,  Worst Slack        0.175ns,  Total Violation        0.000ns
---------------------------------------------------------------------------------------------------


Max Delay Paths
--------------------------------------------------------------------------------------
Slack (MET) :             7.071ns  (required time - arrival time)
  Source:                 buffered_pwm/input_buffer/rd_ptr_gray_reg[7]/C
                            (rising edge-triggered cell FDRE clocked by clk_pwm  {rise@0.000ns fall@5.000ns period=10.000ns})
  Destination:            buffered_pwm/input_buffer/rd_ptr_gray_wr1_reg[7]/D
                            (rising edge-triggered cell FDRE clocked by clk  {rise@0.000ns fall@10.000ns period=20.000ns})
  Path Group:             clk
  Path Type:              Setup (Max at Slow Process Corner)
  Requirement:            10.000ns  (clk rise@20.000ns - clk_pwm rise@10.000ns)
  Data Path Delay:        2.105ns  (logic 0.419ns (19.907%)  route 1.686ns (80.093%))
  Logic Levels:           0  
  Clock Path Skew:        -0.348ns (DCD - SCD + CPR)
    Destination Clock Delay (DCD):    8.231ns = ( 28.231 - 20.000 ) 
    Source Clock Delay      (SCD):    9.049ns = ( 19.049 - 10.000 ) 
    Clock Pessimism Removal (CPR):    0.471ns
  Clock Uncertainty:      0.196ns  ((TSJ^2 + DJ^2)^1/2) / 2 + PE
    Total System Jitter     (TSJ):    0.071ns
    Discrete Jitter          (DJ):    0.135ns
    Phase Error              (PE):    0.120ns

    Location             Delay type                Incr(ns)  Path(ns)    Netlist Resource(s)
  -------------------------------------------------------------------    -------------------
                         (clock clk_pwm rise edge)   10.000    10.000 r  
    L16                                               0.000    10.000 r  sys_clk (IN)
                         net (fo=0)                   0.000    10.000    sys_clk
    L16                  IBUF (Prop_ibuf_I_O)         1.491    11.491 r  sys_clk_ibuffer/O
                         net (fo=1, routed)           2.076    13.567    obuf_clk
    BUFGCTRL_X0Y16       BUFG (Prop_bufg_I_O)         0.101    13.668 r  clk_gbuffer/O
                         net (fo=2, routed)           1.680    15.348    gobuf_clk
    MMCME2_ADV_X0Y0      MMCME2_ADV (Prop_mmcme2_adv_CLKIN1_CLKOUT2)
                                                      0.088    15.436 r  mmcm_adv/CLKOUT2
                         net (fo=1, routed)           1.760    17.196    clk_pwm
    BUFGCTRL_X0Y1        BUFG (Prop_bufg_I_O)         0.101    17.297 r  clk_pwm_BUFG_inst/O
                         net (fo=210, routed)         1.752    19.049    buffered_pwm/input_buffer/clk_pwm_BUFG
    SLICE_X37Y3          FDRE                                         r  buffered_pwm/input_buffer/rd_ptr_gray_reg[7]/C
  -------------------------------------------------------------------    -------------------
    SLICE_X37Y3          FDRE (Prop_fdre_C_Q)         0.419    19.468 r  buffered_pwm/input_buffer/rd_ptr_gray_reg[7]/Q
                         net (fo=1, routed)           1.686    21.154    buffered_pwm/input_buffer/rd_ptr_gray[7]
    SLICE_X37Y4          FDRE                                         r  buffered_pwm/input_buffer/rd_ptr_gray_wr1_reg[7]/D
  -------------------------------------------------------------------    -------------------

                         (clock clk rise edge)       20.000    20.000 r  
    L16                                               0.000    20.000 r  sys_clk (IN)
                         net (fo=0)                   0.000    20.000    sys_clk
    L16                  IBUF (Prop_ibuf_I_O)         1.421    21.421 r  sys_clk_ibuffer/O
                         net (fo=1, routed)           1.880    23.301    obuf_clk
    BUFGCTRL_X0Y16       BUFG (Prop_bufg_I_O)         0.091    23.392 r  clk_gbuffer/O
                         net (fo=2, routed)           1.490    24.882    gobuf_clk
    MMCME2_ADV_X0Y0      MMCME2_ADV (Prop_mmcme2_adv_CLKIN1_CLKOUT1)
                                                      0.083    24.965 r  mmcm_adv/CLKOUT1
                         net (fo=1, routed)           1.599    26.564    clk
    BUFGCTRL_X0Y0        BUFG (Prop_bufg_I_O)         0.091    26.655 r  clk_BUFG_inst/O
                         net (fo=253, routed)         1.575    28.231    buffered_pwm/input_buffer/clk_BUFG
    SLICE_X37Y4          FDRE                                         r  buffered_pwm/input_buffer/rd_ptr_gray_wr1_reg[7]/C
                         clock pessimism              0.471    28.702    
                         clock uncertainty           -0.196    28.506    
    SLICE_X37Y4          FDRE (Setup_fdre_C_D)       -0.280    28.226    buffered_pwm/input_buffer/rd_ptr_gray_wr1_reg[7]
  -------------------------------------------------------------------
                         required time                         28.226    
                         arrival time                         -21.154    
  -------------------------------------------------------------------
                         slack                                  7.071    





Min Delay Paths
--------------------------------------------------------------------------------------
Slack (MET) :             0.175ns  (arrival time - required time)
  Source:                 buffered_pwm/input_buffer/rd_ptr_gray_reg[1]/C
                            (rising edge-triggered cell FDRE clocked by clk_pwm  {rise@0.000ns fall@5.000ns period=10.000ns})
  Destination:            buffered_pwm/input_buffer/rd_ptr_gray_wr1_reg[1]/D
                            (rising edge-triggered cell FDRE clocked by clk  {rise@0.000ns fall@10.000ns period=20.000ns})
  Path Group:             clk
  Path Type:              Hold (Min at Fast Process Corner)
  Requirement:            0.000ns  (clk rise@0.000ns - clk_pwm rise@0.000ns)
  Data Path Delay:        0.705ns  (logic 0.128ns (18.164%)  route 0.577ns (81.836%))
  Logic Levels:           0  
  Clock Path Skew:        0.317ns (DCD - SCD - CPR)
    Destination Clock Delay (DCD):    3.441ns
    Source Clock Delay      (SCD):    2.607ns
    Clock Pessimism Removal (CPR):    0.516ns
  Clock Uncertainty:      0.196ns  ((TSJ^2 + DJ^2)^1/2) / 2 + PE
    Total System Jitter     (TSJ):    0.071ns
    Discrete Jitter          (DJ):    0.135ns
    Phase Error              (PE):    0.120ns

    Location             Delay type                Incr(ns)  Path(ns)    Netlist Resource(s)
  -------------------------------------------------------------------    -------------------
                         (clock clk_pwm rise edge)    0.000     0.000 r  
    L16                                               0.000     0.000 r  sys_clk (IN)
                         net (fo=0)                   0.000     0.000    sys_clk
    L16                  IBUF (Prop_ibuf_I_O)         0.259     0.259 r  sys_clk_ibuffer/O
                         net (fo=1, routed)           0.627     0.886    obuf_clk
    BUFGCTRL_X0Y16       BUFG (Prop_bufg_I_O)         0.026     0.912 r  clk_gbuffer/O
                         net (fo=2, routed)           0.548     1.460    gobuf_clk
    MMCME2_ADV_X0Y0      MMCME2_ADV (Prop_mmcme2_adv_CLKIN1_CLKOUT2)
                                                      0.050     1.510 r  mmcm_adv/CLKOUT2
                         net (fo=1, routed)           0.482     1.992    clk_pwm
    BUFGCTRL_X0Y1        BUFG (Prop_bufg_I_O)         0.026     2.018 r  clk_pwm_BUFG_inst/O
                         net (fo=210, routed)         0.590     2.607    buffered_pwm/input_buffer/clk_pwm_BUFG
    SLICE_X37Y5          FDRE                                         r  buffered_pwm/input_buffer/rd_ptr_gray_reg[1]/C
  -------------------------------------------------------------------    -------------------
    SLICE_X37Y5          FDRE (Prop_fdre_C_Q)         0.128     2.735 r  buffered_pwm/input_buffer/rd_ptr_gray_reg[1]/Q
                         net (fo=1, routed)           0.577     3.312    buffered_pwm/input_buffer/rd_ptr_gray[1]
    SLICE_X39Y7          FDRE                                         r  buffered_pwm/input_buffer/rd_ptr_gray_wr1_reg[1]/D
  -------------------------------------------------------------------    -------------------

                         (clock clk rise edge)        0.000     0.000 r  
    L16                                               0.000     0.000 r  sys_clk (IN)
                         net (fo=0)                   0.000     0.000    sys_clk
    L16                  IBUF (Prop_ibuf_I_O)         0.447     0.447 r  sys_clk_ibuffer/O
                         net (fo=1, routed)           0.683     1.130    obuf_clk
    BUFGCTRL_X0Y16       BUFG (Prop_bufg_I_O)         0.029     1.159 r  clk_gbuffer/O
                         net (fo=2, routed)           0.814     1.973    gobuf_clk
    MMCME2_ADV_X0Y0      MMCME2_ADV (Prop_mmcme2_adv_CLKIN1_CLKOUT1)
                                                      0.053     2.026 r  mmcm_adv/CLKOUT1
                         net (fo=1, routed)           0.528     2.554    clk
    BUFGCTRL_X0Y0        BUFG (Prop_bufg_I_O)         0.029     2.583 r  clk_BUFG_inst/O
                         net (fo=253, routed)         0.858     3.441    buffered_pwm/input_buffer/clk_BUFG
    SLICE_X39Y7          FDRE                                         r  buffered_pwm/input_buffer/rd_ptr_gray_wr1_reg[1]/C
                         clock pessimism             -0.516     2.925    
                         clock uncertainty            0.196     3.121    
    SLICE_X39Y7          FDRE (Hold_fdre_C_D)         0.016     3.137    buffered_pwm/input_buffer/rd_ptr_gray_wr1_reg[1]
  -------------------------------------------------------------------
                         required time                         -3.137    
                         arrival time                           3.312    
  -------------------------------------------------------------------
                         slack                                  0.175    





---------------------------------------------------------------------------------------------------
From Clock:  clk
  To Clock:  clk_pwm

Setup :            0  Failing Endpoints,  Worst Slack        6.384ns,  Total Violation        0.000ns
Hold  :            0  Failing Endpoints,  Worst Slack        0.191ns,  Total Violation        0.000ns
---------------------------------------------------------------------------------------------------


Max Delay Paths
--------------------------------------------------------------------------------------
Slack (MET) :             6.384ns  (required time - arrival time)
  Source:                 rst_shreg_reg[2]/C
                            (rising edge-triggered cell FDSE clocked by clk  {rise@0.000ns fall@10.000ns period=20.000ns})
  Destination:            buffered_pwm/rst_sync_reg[2]_srl3/D
                            (rising edge-triggered cell SRL16E clocked by clk_pwm  {rise@0.000ns fall@5.000ns period=10.000ns})
  Path Group:             clk_pwm
  Path Type:              Setup (Max at Slow Process Corner)
  Requirement:            10.000ns  (clk_pwm rise@10.000ns - clk rise@0.000ns)
  Data Path Delay:        2.957ns  (logic 0.456ns (15.422%)  route 2.501ns (84.578%))
  Logic Levels:           0  
  Clock Path Skew:        -0.419ns (DCD - SCD + CPR)
    Destination Clock Delay (DCD):    8.156ns = ( 18.156 - 10.000 ) 
    Source Clock Delay      (SCD):    9.045ns
    Clock Pessimism Removal (CPR):    0.471ns
  Clock Uncertainty:      0.196ns  ((TSJ^2 + DJ^2)^1/2) / 2 + PE
    Total System Jitter     (TSJ):    0.071ns
    Discrete Jitter          (DJ):    0.135ns
    Phase Error              (PE):    0.120ns

    Location             Delay type                Incr(ns)  Path(ns)    Netlist Resource(s)
  -------------------------------------------------------------------    -------------------
                         (clock clk rise edge)        0.000     0.000 r  
    L16                                               0.000     0.000 r  sys_clk (IN)
                         net (fo=0)                   0.000     0.000    sys_clk
    L16                  IBUF (Prop_ibuf_I_O)         1.491     1.491 r  sys_clk_ibuffer/O
                         net (fo=1, routed)           2.076     3.567    obuf_clk
    BUFGCTRL_X0Y16       BUFG (Prop_bufg_I_O)         0.101     3.668 r  clk_gbuffer/O
                         net (fo=2, routed)           1.680     5.348    gobuf_clk
    MMCME2_ADV_X0Y0      MMCME2_ADV (Prop_mmcme2_adv_CLKIN1_CLKOUT1)
                                                      0.088     5.436 r  mmcm_adv/CLKOUT1
                         net (fo=1, routed)           1.760     7.196    clk
    BUFGCTRL_X0Y0        BUFG (Prop_bufg_I_O)         0.101     7.297 r  clk_BUFG_inst/O
                         net (fo=253, routed)         1.748     9.045    clk_BUFG
    SLICE_X39Y12         FDSE                                         r  rst_shreg_reg[2]/C
  -------------------------------------------------------------------    -------------------
    SLICE_X39Y12         FDSE (Prop_fdse_C_Q)         0.456     9.501 r  rst_shreg_reg[2]/Q
                         net (fo=210, routed)         2.501    12.002    buffered_pwm/Q[0]
    SLICE_X34Y6          SRL16E                                       r  buffered_pwm/rst_sync_reg[2]_srl3/D
  -------------------------------------------------------------------    -------------------

                         (clock clk_pwm rise edge)   10.000    10.000 r  
    L16                                               0.000    10.000 r  sys_clk (IN)
                         net (fo=0)                   0.000    10.000    sys_clk
    L16                  IBUF (Prop_ibuf_I_O)         1.421    11.421 r  sys_clk_ibuffer/O
                         net (fo=1, routed)           1.880    13.301    obuf_clk
    BUFGCTRL_X0Y16       BUFG (Prop_bufg_I_O)         0.091    13.392 r  clk_gbuffer/O
                         net (fo=2, routed)           1.490    14.882    gobuf_clk
    MMCME2_ADV_X0Y0      MMCME2_ADV (Prop_mmcme2_adv_CLKIN1_CLKOUT2)
                                                      0.083    14.965 r  mmcm_adv/CLKOUT2
                         net (fo=1, routed)           1.599    16.564    clk_pwm
    BUFGCTRL_X0Y1        BUFG (Prop_bufg_I_O)         0.091    16.655 r  clk_pwm_BUFG_inst/O
                         net (fo=210, routed)         1.500    18.156    buffered_pwm/clk_pwm_BUFG
    SLICE_X34Y6          SRL16E                                       r  buffered_pwm/rst_sync_reg[2]_srl3/CLK
                         clock pessimism              0.471    18.627    
                         clock uncertainty           -0.196    18.431    
    SLICE_X34Y6          SRL16E (Setup_srl16e_CLK_D)
                                                     -0.044    18.387    buffered_pwm/rst_sync_reg[2]_srl3
  -------------------------------------------------------------------
                         required time                         18.387    
                         arrival time                         -12.002    
  -------------------------------------------------------------------
                         slack                                  6.384    





Min Delay Paths
--------------------------------------------------------------------------------------
Slack (MET) :             0.191ns  (arrival time - required time)
  Source:                 buffered_pwm/input_buffer/wr_ptr_gray_reg[3]/C
                            (rising edge-triggered cell FDRE clocked by clk  {rise@0.000ns fall@10.000ns period=20.000ns})
  Destination:            buffered_pwm/input_buffer/wr_ptr_gray_rd1_reg[3]/D
                            (rising edge-triggered cell FDRE clocked by clk_pwm  {rise@0.000ns fall@5.000ns period=10.000ns})
  Path Group:             clk_pwm
  Path Type:              Hold (Min at Fast Process Corner)
  Requirement:            0.000ns  (clk_pwm rise@0.000ns - clk rise@0.000ns)
  Data Path Delay:        0.725ns  (logic 0.148ns (20.422%)  route 0.577ns (79.578%))
  Logic Levels:           0  
  Clock Path Skew:        0.320ns (DCD - SCD - CPR)
    Destination Clock Delay (DCD):    3.444ns
    Source Clock Delay      (SCD):    2.607ns
    Clock Pessimism Removal (CPR):    0.516ns
  Clock Uncertainty:      0.196ns  ((TSJ^2 + DJ^2)^1/2) / 2 + PE
    Total System Jitter     (TSJ):    0.071ns
    Discrete Jitter          (DJ):    0.135ns
    Phase Error              (PE):    0.120ns

    Location             Delay type                Incr(ns)  Path(ns)    Netlist Resource(s)
  -------------------------------------------------------------------    -------------------
                         (clock clk rise edge)        0.000     0.000 r  
    L16                                               0.000     0.000 r  sys_clk (IN)
                         net (fo=0)                   0.000     0.000    sys_clk
    L16                  IBUF (Prop_ibuf_I_O)         0.259     0.259 r  sys_clk_ibuffer/O
                         net (fo=1, routed)           0.627     0.886    obuf_clk
    BUFGCTRL_X0Y16       BUFG (Prop_bufg_I_O)         0.026     0.912 r  clk_gbuffer/O
                         net (fo=2, routed)           0.548     1.460    gobuf_clk
    MMCME2_ADV_X0Y0      MMCME2_ADV (Prop_mmcme2_adv_CLKIN1_CLKOUT1)
                                                      0.050     1.510 r  mmcm_adv/CLKOUT1
                         net (fo=1, routed)           0.482     1.992    clk
    BUFGCTRL_X0Y0        BUFG (Prop_bufg_I_O)         0.026     2.018 r  clk_BUFG_inst/O
                         net (fo=253, routed)         0.590     2.607    buffered_pwm/input_buffer/clk_BUFG
    SLICE_X38Y6          FDRE                                         r  buffered_pwm/input_buffer/wr_ptr_gray_reg[3]/C
  -------------------------------------------------------------------    -------------------
    SLICE_X38Y6          FDRE (Prop_fdre_C_Q)         0.148     2.755 r  buffered_pwm/input_buffer/wr_ptr_gray_reg[3]/Q
                         net (fo=1, routed)           0.577     3.332    buffered_pwm/input_buffer/wr_ptr_gray[3]
    SLICE_X41Y5          FDRE                                         r  buffered_pwm/input_buffer/wr_ptr_gray_rd1_reg[3]/D
  -------------------------------------------------------------------    -------------------

                         (clock clk_pwm rise edge)    0.000     0.000 r  
    L16                                               0.000     0.000 r  sys_clk (IN)
                         net (fo=0)                   0.000     0.000    sys_clk
    L16                  IBUF (Prop_ibuf_I_O)         0.447     0.447 r  sys_clk_ibuffer/O
                         net (fo=1, routed)           0.683     1.130    obuf_clk
    BUFGCTRL_X0Y16       BUFG (Prop_bufg_I_O)         0.029     1.159 r  clk_gbuffer/O
                         net (fo=2, routed)           0.814     1.973    gobuf_clk
    MMCME2_ADV_X0Y0      MMCME2_ADV (Prop_mmcme2_adv_CLKIN1_CLKOUT2)
                                                      0.053     2.026 r  mmcm_adv/CLKOUT2
                         net (fo=1, routed)           0.528     2.554    clk_pwm
    BUFGCTRL_X0Y1        BUFG (Prop_bufg_I_O)         0.029     2.583 r  clk_pwm_BUFG_inst/O
                         net (fo=210, routed)         0.861     3.444    buffered_pwm/input_buffer/clk_pwm_BUFG
    SLICE_X41Y5          FDRE                                         r  buffered_pwm/input_buffer/wr_ptr_gray_rd1_reg[3]/C
                         clock pessimism             -0.516     2.928    
                         clock uncertainty            0.196     3.124    
    SLICE_X41Y5          FDRE (Hold_fdre_C_D)         0.017     3.141    buffered_pwm/input_buffer/wr_ptr_gray_rd1_reg[3]
  -------------------------------------------------------------------
                         required time                         -3.141    
                         arrival time                           3.332    
  -------------------------------------------------------------------
                         slack                                  0.191    





---------------------------------------------------------------------------------------------------
Path Group:  **async_default**
From Clock:  clk
  To Clock:  clk

Setup :            0  Failing Endpoints,  Worst Slack       16.912ns,  Total Violation        0.000ns
Hold  :            0  Failing Endpoints,  Worst Slack        0.655ns,  Total Violation        0.000ns
---------------------------------------------------------------------------------------------------


Max Delay Paths
--------------------------------------------------------------------------------------
Slack (MET) :             16.912ns  (required time - arrival time)
  Source:                 rst_shreg_reg[2]/C
                            (rising edge-triggered cell FDSE clocked by clk  {rise@0.000ns fall@10.000ns period=20.000ns})
  Destination:            direct_pwm/channels_gen[0].pwm_ich/set_scaler_type_signed.rsc/output_data_reg[0]/CLR
                            (recovery check against rising-edge clock clk  {rise@0.000ns fall@10.000ns period=20.000ns})
  Path Group:             **async_default**
  Path Type:              Recovery (Max at Slow Process Corner)
  Requirement:            20.000ns  (clk rise@20.000ns - clk rise@0.000ns)
  Data Path Delay:        2.471ns  (logic 0.456ns (18.454%)  route 2.015ns (81.546%))
  Logic Levels:           0  
  Clock Path Skew:        -0.136ns (DCD - SCD + CPR)
    Destination Clock Delay (DCD):    8.153ns = ( 28.153 - 20.000 ) 
    Source Clock Delay      (SCD):    9.045ns
    Clock Pessimism Removal (CPR):    0.757ns
  Clock Uncertainty:      0.076ns  ((TSJ^2 + DJ^2)^1/2) / 2 + PE
    Total System Jitter     (TSJ):    0.071ns
    Discrete Jitter          (DJ):    0.135ns
    Phase Error              (PE):    0.000ns

    Location             Delay type                Incr(ns)  Path(ns)    Netlist Resource(s)
  -------------------------------------------------------------------    -------------------
                         (clock clk rise edge)        0.000     0.000 r  
    L16                                               0.000     0.000 r  sys_clk (IN)
                         net (fo=0)                   0.000     0.000    sys_clk
    L16                  IBUF (Prop_ibuf_I_O)         1.491     1.491 r  sys_clk_ibuffer/O
                         net (fo=1, routed)           2.076     3.567    obuf_clk
    BUFGCTRL_X0Y16       BUFG (Prop_bufg_I_O)         0.101     3.668 r  clk_gbuffer/O
                         net (fo=2, routed)           1.680     5.348    gobuf_clk
    MMCME2_ADV_X0Y0      MMCME2_ADV (Prop_mmcme2_adv_CLKIN1_CLKOUT1)
                                                      0.088     5.436 r  mmcm_adv/CLKOUT1
                         net (fo=1, routed)           1.760     7.196    clk
    BUFGCTRL_X0Y0        BUFG (Prop_bufg_I_O)         0.101     7.297 r  clk_BUFG_inst/O
                         net (fo=253, routed)         1.748     9.045    clk_BUFG
    SLICE_X39Y12         FDSE                                         r  rst_shreg_reg[2]/C
  -------------------------------------------------------------------    -------------------
    SLICE_X39Y12         FDSE (Prop_fdse_C_Q)         0.456     9.501 f  rst_shreg_reg[2]/Q
                         net (fo=210, routed)         2.015    11.516    direct_pwm/channels_gen[0].pwm_ich/set_scaler_type_signed.rsc/Q[0]
    SLICE_X35Y11         FDCE                                         f  direct_pwm/channels_gen[0].pwm_ich/set_scaler_type_signed.rsc/output_data_reg[0]/CLR
  -------------------------------------------------------------------    -------------------

                         (clock clk rise edge)       20.000    20.000 r  
    L16                                               0.000    20.000 r  sys_clk (IN)
                         net (fo=0)                   0.000    20.000    sys_clk
    L16                  IBUF (Prop_ibuf_I_O)         1.421    21.421 r  sys_clk_ibuffer/O
                         net (fo=1, routed)           1.880    23.301    obuf_clk
    BUFGCTRL_X0Y16       BUFG (Prop_bufg_I_O)         0.091    23.392 r  clk_gbuffer/O
                         net (fo=2, routed)           1.490    24.882    gobuf_clk
    MMCME2_ADV_X0Y0      MMCME2_ADV (Prop_mmcme2_adv_CLKIN1_CLKOUT1)
                                                      0.083    24.965 r  mmcm_adv/CLKOUT1
                         net (fo=1, routed)           1.599    26.564    clk
    BUFGCTRL_X0Y0        BUFG (Prop_bufg_I_O)         0.091    26.655 r  clk_BUFG_inst/O
                         net (fo=253, routed)         1.497    28.153    direct_pwm/channels_gen[0].pwm_ich/set_scaler_type_signed.rsc/clk_BUFG
    SLICE_X35Y11         FDCE                                         r  direct_pwm/channels_gen[0].pwm_ich/set_scaler_type_signed.rsc/output_data_reg[0]/C
                         clock pessimism              0.757    28.909    
                         clock uncertainty           -0.076    28.833    
    SLICE_X35Y11         FDCE (Recov_fdce_C_CLR)     -0.405    28.428    direct_pwm/channels_gen[0].pwm_ich/set_scaler_type_signed.rsc/output_data_reg[0]
  -------------------------------------------------------------------
                         required time                         28.428    
                         arrival time                         -11.516    
  -------------------------------------------------------------------
                         slack                                 16.912    





Min Delay Paths
--------------------------------------------------------------------------------------
Slack (MET) :             0.655ns  (arrival time - required time)
  Source:                 rst_shreg_reg[2]/C
                            (rising edge-triggered cell FDSE clocked by clk  {rise@0.000ns fall@10.000ns period=20.000ns})
  Destination:            dut_sine/output_data_reg[2]/CLR
                            (removal check against rising-edge clock clk  {rise@0.000ns fall@10.000ns period=20.000ns})
  Path Group:             **async_default**
  Path Type:              Removal (Min at Fast Process Corner)
  Requirement:            0.000ns  (clk rise@0.000ns - clk rise@0.000ns)
  Data Path Delay:        0.602ns  (logic 0.141ns (23.403%)  route 0.461ns (76.597%))
  Logic Levels:           0  
  Clock Path Skew:        0.039ns (DCD - SCD - CPR)
    Destination Clock Delay (DCD):    3.442ns
    Source Clock Delay      (SCD):    2.604ns
    Clock Pessimism Removal (CPR):    0.799ns

    Location             Delay type                Incr(ns)  Path(ns)    Netlist Resource(s)
  -------------------------------------------------------------------    -------------------
                         (clock clk rise edge)        0.000     0.000 r  
    L16                                               0.000     0.000 r  sys_clk (IN)
                         net (fo=0)                   0.000     0.000    sys_clk
    L16                  IBUF (Prop_ibuf_I_O)         0.259     0.259 r  sys_clk_ibuffer/O
                         net (fo=1, routed)           0.627     0.886    obuf_clk
    BUFGCTRL_X0Y16       BUFG (Prop_bufg_I_O)         0.026     0.912 r  clk_gbuffer/O
                         net (fo=2, routed)           0.548     1.460    gobuf_clk
    MMCME2_ADV_X0Y0      MMCME2_ADV (Prop_mmcme2_adv_CLKIN1_CLKOUT1)
                                                      0.050     1.510 r  mmcm_adv/CLKOUT1
                         net (fo=1, routed)           0.482     1.992    clk
    BUFGCTRL_X0Y0        BUFG (Prop_bufg_I_O)         0.026     2.018 r  clk_BUFG_inst/O
                         net (fo=253, routed)         0.587     2.604    clk_BUFG
    SLICE_X39Y12         FDSE                                         r  rst_shreg_reg[2]/C
  -------------------------------------------------------------------    -------------------
    SLICE_X39Y12         FDSE (Prop_fdse_C_Q)         0.141     2.745 f  rst_shreg_reg[2]/Q
                         net (fo=210, routed)         0.461     3.207    dut_sine/Q[0]
    SLICE_X40Y10         FDCE                                         f  dut_sine/output_data_reg[2]/CLR
  -------------------------------------------------------------------    -------------------

                         (clock clk rise edge)        0.000     0.000 r  
    L16                                               0.000     0.000 r  sys_clk (IN)
                         net (fo=0)                   0.000     0.000    sys_clk
    L16                  IBUF (Prop_ibuf_I_O)         0.447     0.447 r  sys_clk_ibuffer/O
                         net (fo=1, routed)           0.683     1.130    obuf_clk
    BUFGCTRL_X0Y16       BUFG (Prop_bufg_I_O)         0.029     1.159 r  clk_gbuffer/O
                         net (fo=2, routed)           0.814     1.973    gobuf_clk
    MMCME2_ADV_X0Y0      MMCME2_ADV (Prop_mmcme2_adv_CLKIN1_CLKOUT1)
                                                      0.053     2.026 r  mmcm_adv/CLKOUT1
                         net (fo=1, routed)           0.528     2.554    clk
    BUFGCTRL_X0Y0        BUFG (Prop_bufg_I_O)         0.029     2.583 r  clk_BUFG_inst/O
                         net (fo=253, routed)         0.859     3.442    dut_sine/clk_BUFG
    SLICE_X40Y10         FDCE                                         r  dut_sine/output_data_reg[2]/C
                         clock pessimism             -0.799     2.643    
    SLICE_X40Y10         FDCE (Remov_fdce_C_CLR)     -0.092     2.551    dut_sine/output_data_reg[2]
  -------------------------------------------------------------------
                         required time                         -2.551    
                         arrival time                           3.207    
  -------------------------------------------------------------------
                         slack                                  0.655    





---------------------------------------------------------------------------------------------------
Path Group:  **async_default**
From Clock:  clk_pwm
  To Clock:  clk_pwm

Setup :            0  Failing Endpoints,  Worst Slack        7.555ns,  Total Violation        0.000ns
Hold  :            0  Failing Endpoints,  Worst Slack        0.813ns,  Total Violation        0.000ns
---------------------------------------------------------------------------------------------------


Max Delay Paths
--------------------------------------------------------------------------------------
Slack (MET) :             7.555ns  (required time - arrival time)
  Source:                 buffered_pwm/rst_pwm_reg__0/C
                            (rising edge-triggered cell FDRE clocked by clk_pwm  {rise@0.000ns fall@5.000ns period=10.000ns})
  Destination:            buffered_pwm/channels_gen[0].pwm_ich/set_scaler_type_signed.rsc/output_data_reg[4]/CLR
                            (recovery check against rising-edge clock clk_pwm  {rise@0.000ns fall@5.000ns period=10.000ns})
  Path Group:             **async_default**
  Path Type:              Recovery (Max at Slow Process Corner)
  Requirement:            10.000ns  (clk_pwm rise@10.000ns - clk_pwm rise@0.000ns)
  Data Path Delay:        1.952ns  (logic 0.456ns (23.366%)  route 1.496ns (76.634%))
  Logic Levels:           0  
  Clock Path Skew:        -0.064ns (DCD - SCD + CPR)
    Destination Clock Delay (DCD):    8.151ns = ( 18.151 - 10.000 ) 
    Source Clock Delay      (SCD):    8.971ns
    Clock Pessimism Removal (CPR):    0.757ns
  Clock Uncertainty:      0.069ns  ((TSJ^2 + DJ^2)^1/2) / 2 + PE
    Total System Jitter     (TSJ):    0.071ns
    Discrete Jitter          (DJ):    0.118ns
    Phase Error              (PE):    0.000ns

    Location             Delay type                Incr(ns)  Path(ns)    Netlist Resource(s)
  -------------------------------------------------------------------    -------------------
                         (clock clk_pwm rise edge)    0.000     0.000 r  
    L16                                               0.000     0.000 r  sys_clk (IN)
                         net (fo=0)                   0.000     0.000    sys_clk
    L16                  IBUF (Prop_ibuf_I_O)         1.491     1.491 r  sys_clk_ibuffer/O
                         net (fo=1, routed)           2.076     3.567    obuf_clk
    BUFGCTRL_X0Y16       BUFG (Prop_bufg_I_O)         0.101     3.668 r  clk_gbuffer/O
                         net (fo=2, routed)           1.680     5.348    gobuf_clk
    MMCME2_ADV_X0Y0      MMCME2_ADV (Prop_mmcme2_adv_CLKIN1_CLKOUT2)
                                                      0.088     5.436 r  mmcm_adv/CLKOUT2
                         net (fo=1, routed)           1.760     7.196    clk_pwm
    BUFGCTRL_X0Y1        BUFG (Prop_bufg_I_O)         0.101     7.297 r  clk_pwm_BUFG_inst/O
                         net (fo=210, routed)         1.674     8.971    buffered_pwm/clk_pwm_BUFG
    SLICE_X35Y6          FDRE                                         r  buffered_pwm/rst_pwm_reg__0/C
  -------------------------------------------------------------------    -------------------
    SLICE_X35Y6          FDRE (Prop_fdre_C_Q)         0.456     9.427 f  buffered_pwm/rst_pwm_reg__0/Q
                         net (fo=167, routed)         1.496    10.923    buffered_pwm/channels_gen[0].pwm_ich/set_scaler_type_signed.rsc/output_data_reg[5]_1
    SLICE_X32Y14         FDCE                                         f  buffered_pwm/channels_gen[0].pwm_ich/set_scaler_type_signed.rsc/output_data_reg[4]/CLR
  -------------------------------------------------------------------    -------------------

                         (clock clk_pwm rise edge)   10.000    10.000 r  
    L16                                               0.000    10.000 r  sys_clk (IN)
                         net (fo=0)                   0.000    10.000    sys_clk
    L16                  IBUF (Prop_ibuf_I_O)         1.421    11.421 r  sys_clk_ibuffer/O
                         net (fo=1, routed)           1.880    13.301    obuf_clk
    BUFGCTRL_X0Y16       BUFG (Prop_bufg_I_O)         0.091    13.392 r  clk_gbuffer/O
                         net (fo=2, routed)           1.490    14.882    gobuf_clk
    MMCME2_ADV_X0Y0      MMCME2_ADV (Prop_mmcme2_adv_CLKIN1_CLKOUT2)
                                                      0.083    14.965 r  mmcm_adv/CLKOUT2
                         net (fo=1, routed)           1.599    16.564    clk_pwm
    BUFGCTRL_X0Y1        BUFG (Prop_bufg_I_O)         0.091    16.655 r  clk_pwm_BUFG_inst/O
                         net (fo=210, routed)         1.495    18.151    buffered_pwm/channels_gen[0].pwm_ich/set_scaler_type_signed.rsc/clk_pwm_BUFG
    SLICE_X32Y14         FDCE                                         r  buffered_pwm/channels_gen[0].pwm_ich/set_scaler_type_signed.rsc/output_data_reg[4]/C
                         clock pessimism              0.757    18.907    
                         clock uncertainty           -0.069    18.838    
    SLICE_X32Y14         FDCE (Recov_fdce_C_CLR)     -0.361    18.477    buffered_pwm/channels_gen[0].pwm_ich/set_scaler_type_signed.rsc/output_data_reg[4]
  -------------------------------------------------------------------
                         required time                         18.477    
                         arrival time                         -10.923    
  -------------------------------------------------------------------
                         slack                                  7.555    





Min Delay Paths
--------------------------------------------------------------------------------------
Slack (MET) :             0.813ns  (arrival time - required time)
  Source:                 buffered_pwm/rst_pwm_reg__0/C
                            (rising edge-triggered cell FDRE clocked by clk_pwm  {rise@0.000ns fall@5.000ns period=10.000ns})
  Destination:            buffered_pwm/channels_gen[0].pwm_ich/set_scaler_type_signed.rsc/output_data_reg[0]/CLR
                            (removal check against rising-edge clock clk_pwm  {rise@0.000ns fall@5.000ns period=10.000ns})
  Path Group:             **async_default**
  Path Type:              Removal (Min at Fast Process Corner)
  Requirement:            0.000ns  (clk_pwm rise@0.000ns - clk_pwm rise@0.000ns)
  Data Path Delay:        0.776ns  (logic 0.141ns (18.180%)  route 0.635ns (81.820%))
  Logic Levels:           0  
  Clock Path Skew:        0.030ns (DCD - SCD - CPR)
    Destination Clock Delay (DCD):    3.409ns
    Source Clock Delay      (SCD):    2.580ns
    Clock Pessimism Removal (CPR):    0.799ns

    Location             Delay type                Incr(ns)  Path(ns)    Netlist Resource(s)
  -------------------------------------------------------------------    -------------------
                         (clock clk_pwm rise edge)    0.000     0.000 r  
    L16                                               0.000     0.000 r  sys_clk (IN)
                         net (fo=0)                   0.000     0.000    sys_clk
    L16                  IBUF (Prop_ibuf_I_O)         0.259     0.259 r  sys_clk_ibuffer/O
                         net (fo=1, routed)           0.627     0.886    obuf_clk
    BUFGCTRL_X0Y16       BUFG (Prop_bufg_I_O)         0.026     0.912 r  clk_gbuffer/O
                         net (fo=2, routed)           0.548     1.460    gobuf_clk
    MMCME2_ADV_X0Y0      MMCME2_ADV (Prop_mmcme2_adv_CLKIN1_CLKOUT2)
                                                      0.050     1.510 r  mmcm_adv/CLKOUT2
                         net (fo=1, routed)           0.482     1.992    clk_pwm
    BUFGCTRL_X0Y1        BUFG (Prop_bufg_I_O)         0.026     2.018 r  clk_pwm_BUFG_inst/O
                         net (fo=210, routed)         0.563     2.580    buffered_pwm/clk_pwm_BUFG
    SLICE_X35Y6          FDRE                                         r  buffered_pwm/rst_pwm_reg__0/C
  -------------------------------------------------------------------    -------------------
    SLICE_X35Y6          FDRE (Prop_fdre_C_Q)         0.141     2.721 f  buffered_pwm/rst_pwm_reg__0/Q
                         net (fo=167, routed)         0.635     3.356    buffered_pwm/channels_gen[0].pwm_ich/set_scaler_type_signed.rsc/output_data_reg[5]_1
    SLICE_X32Y14         FDCE                                         f  buffered_pwm/channels_gen[0].pwm_ich/set_scaler_type_signed.rsc/output_data_reg[0]/CLR
  -------------------------------------------------------------------    -------------------

                         (clock clk_pwm rise edge)    0.000     0.000 r  
    L16                                               0.000     0.000 r  sys_clk (IN)
                         net (fo=0)                   0.000     0.000    sys_clk
    L16                  IBUF (Prop_ibuf_I_O)         0.447     0.447 r  sys_clk_ibuffer/O
                         net (fo=1, routed)           0.683     1.130    obuf_clk
    BUFGCTRL_X0Y16       BUFG (Prop_bufg_I_O)         0.029     1.159 r  clk_gbuffer/O
                         net (fo=2, routed)           0.814     1.973    gobuf_clk
    MMCME2_ADV_X0Y0      MMCME2_ADV (Prop_mmcme2_adv_CLKIN1_CLKOUT2)
                                                      0.053     2.026 r  mmcm_adv/CLKOUT2
                         net (fo=1, routed)           0.528     2.554    clk_pwm
    BUFGCTRL_X0Y1        BUFG (Prop_bufg_I_O)         0.029     2.583 r  clk_pwm_BUFG_inst/O
                         net (fo=210, routed)         0.826     3.409    buffered_pwm/channels_gen[0].pwm_ich/set_scaler_type_signed.rsc/clk_pwm_BUFG
    SLICE_X32Y14         FDCE                                         r  buffered_pwm/channels_gen[0].pwm_ich/set_scaler_type_signed.rsc/output_data_reg[0]/C
                         clock pessimism             -0.799     2.610    
    SLICE_X32Y14         FDCE (Remov_fdce_C_CLR)     -0.067     2.543    buffered_pwm/channels_gen[0].pwm_ich/set_scaler_type_signed.rsc/output_data_reg[0]
  -------------------------------------------------------------------
                         required time                         -2.543    
                         arrival time                           3.356    
  -------------------------------------------------------------------
                         slack                                  0.813    





